65.49.1.138 - - [25/Apr/2025:06:51:01 +0000] "GET /geoserver/web/ HTTP/1.1" 301 169 "-" "Mozilla/5.0 (Windows NT 10.0; Win64; x64; rv:95.0) Gecko/20100101 Firefox/98.0"
185.255.122.19 - - [25/Apr/2025:06:51:33 +0000] "GET / HTTP/1.1" 301 169 "-" "Mozilla/5.0 (Windows NT 10.0; Win64; x64) AppleWebKit/537.36 (KHTML, like Gecko) Chrome/90.0.4430.85 Safari/537.36 Edg/90.0.818.46"
80.82.77.202 - - [25/Apr/2025:06:51:34 +0000] "GET / HTTP/1.0" 301 169 "-" "Mozilla/5.0 (Macintosh; Intel Mac OS X 10_14_6) AppleWebKit/537.36 (KHTML, like Gecko) Chrome/72.0.3626.121 Safari/537.36"
185.16.38.107 - - [25/Apr/2025:06:53:29 +0000] "GET / HTTP/1.1" 301 169 "-" "Mozilla/5.0 (Windows NT 10.0; Win64; x64) AppleWebKit/537.36 (KHTML, like Gecko) Chrome/90.0.4430.85 Safari/537.36 Edg/90.0.818.46"
178.211.139.123 - - [25/Apr/2025:06:55:40 +0000] "GET / HTTP/1.1" 301 169 "-" "Mozilla/5.0 (Windows NT 10.0; Win64; x64) AppleWebKit/537.36 (KHTML, like Gecko) Chrome/90.0.4430.85 Safari/537.36 Edg/90.0.818.46"
154.81.156.34 - - [25/Apr/2025:06:56:22 +0000] "GET / HTTP/1.1" 301 169 "-" "Mozilla/5.0 (Windows NT 10.0; Win64; x64) AppleWebKit/537.36 (KHTML, like Gecko) Chrome/90.0.4430.85 Safari/537.36 Edg/90.0.818.46"
209.38.142.14 - - [25/Apr/2025:07:00:12 +0000] "GET /.git/config HTTP/1.1" 301 169 "-" "Mozilla/5.0 (X11; Linux x86_64) AppleWebKit/537.36 (KHTML, like Gecko) Chrome/81.0.4044.129 Safari/537.36"
154.81.156.34 - - [25/Apr/2025:07:09:09 +0000] "GET / HTTP/1.1" 301 169 "-" "Hello World"
46.138.250.165 - - [25/Apr/2025:07:14:06 +0000] "GET / HTTP/1.1" 301 169 "-" "-"
46.138.250.165 - - [25/Apr/2025:07:14:07 +0000] "GET / HTTP/1.1" 301 169 "-" "-"
208.110.70.42 - - [25/Apr/2025:07:15:46 +0000] "GET /restore.php HTTP/1.1" 301 169 "-" "-"
154.81.156.54 - - [25/Apr/2025:07:22:37 +0000] "GET / HTTP/1.1" 301 169 "-" "Mozilla/5.0 (Windows NT 10.0; Win64; x64) AppleWebKit/537.36 (KHTML, like Gecko) Chrome/90.0.4430.85 Safari/537.36 Edg/90.0.818.46"
95.214.53.106 - - [25/Apr/2025:07:26:54 +0000] "GET / HTTP/1.1" 301 169 "-" "Hello World"
154.81.156.34 - - [25/Apr/2025:07:37:26 +0000] "GET / HTTP/1.1" 301 169 "-" "Hello World"
185.16.38.107 - - [25/Apr/2025:07:40:54 +0000] "GET / HTTP/1.1" 301 169 "-" "Mozilla/5.0 (Windows NT 10.0; Win64; x64) AppleWebKit/537.36 (KHTML, like Gecko) Chrome/90.0.4430.85 Safari/537.36 Edg/90.0.818.46"
154.81.156.35 - - [25/Apr/2025:07:41:39 +0000] "GET / HTTP/1.1" 301 169 "-" "Mozilla/5.0 (Windows NT 10.0; Win64; x64) AppleWebKit/537.36 (KHTML, like Gecko) Chrome/90.0.4430.85 Safari/537.36 Edg/90.0.818.46"
193.142.146.19 - - [25/Apr/2025:07:45:55 +0000] "GET / HTTP/1.1" 301 169 "-" "Mozilla/5.0 (Windows NT 10.0; Win64; x64) AppleWebKit/537.36 (KHTML, like Gecko) Chrome/90.0.4430.85 Safari/537.36 Edg/90.0.818.46"
140.228.24.88 - - [25/Apr/2025:07:47:10 +0000] "GET /admin.php HTTP/1.1" 301 169 "http://drive-parts-store.ru/admin.php" "Mozilla/5.0 (Windows NT 10.0; WOW64) AppleWebKit/537.36 (KHTML, like Gecko) Chrome/62.0.3198.0 Safari/537.36 OPR/49.0.2711.0"
140.228.24.88 - - [25/Apr/2025:07:47:11 +0000] "GET /admin.php HTTP/1.1" 301 169 "http://drive-parts-store.ru/admin.php" "Mozilla/5.0 (Windows NT 10.0; WOW64) AppleWebKit/537.36 (KHTML, like Gecko) Chrome/62.0.3198.0 Safari/537.36 OPR/49.0.2711.0"
64.225.98.196 - - [25/Apr/2025:07:53:37 +0000] "GET / HTTP/1.0" 301 169 "-" "-"
64.225.98.196 - - [25/Apr/2025:07:53:37 +0000] "GET / HTTP/1.0" 301 169 "-" "-"
64.225.98.196 - - [25/Apr/2025:07:53:37 +0000] "GET /odinhttpcall1745567617 HTTP/1.1" 301 169 "-" "Mozilla/5.0 (compatible; Odin; https://docs.getodin.com/)"
64.225.98.196 - - [25/Apr/2025:07:53:37 +0000] "GET /HNAP1 HTTP/1.1" 301 169 "-" "Mozilla/5.0 (compatible; Odin; https://docs.getodin.com/)"
64.225.98.196 - - [25/Apr/2025:07:53:37 +0000] "POST /sdk HTTP/1.1" 301 169 "-" "Mozilla/5.0 (compatible; Odin; https://docs.getodin.com/)"
64.225.98.196 - - [25/Apr/2025:07:53:37 +0000] "GET /evox/about HTTP/1.1" 301 169 "-" "Mozilla/5.0 (compatible; Odin; https://docs.getodin.com/)"
64.225.98.196 - - [25/Apr/2025:07:53:37 +0000] "GET / HTTP/1.0" 301 169 "-" "-"
64.225.98.196 - - [25/Apr/2025:07:53:37 +0000] "GET / HTTP/1.1" 301 169 "-" "-"
138.68.99.122 - - [25/Apr/2025:07:53:37 +0000] "GET /v2/_catalog HTTP/1.1" 301 169 "-" "Go-http-client/1.1"
167.172.184.23 - - [25/Apr/2025:07:53:37 +0000] "GET /cgi-bin/authLogin.cgi HTTP/1.1" 301 169 "-" "Go-http-client/1.1"
165.22.83.49 - - [25/Apr/2025:07:53:37 +0000] "GET /solr/admin/info/system HTTP/1.1" 301 169 "-" "Go-http-client/1.1"
167.172.190.253 - - [25/Apr/2025:07:53:37 +0000] "GET /query?q=SHOW+DIAGNOSTICS HTTP/1.1" 301 169 "-" "Go-http-client/1.1"
157.230.107.39 - - [25/Apr/2025:07:53:37 +0000] "GET / HTTP/1.1" 301 169 "-" "Mozilla/5.0 (compatible; Odin; https://docs.getodin.com/)"
165.22.83.49 - - [25/Apr/2025:07:53:37 +0000] "GET /solr/admin/cores?action=STATUS&wt=json HTTP/1.1" 301 169 "-" "Go-http-client/1.1"
157.230.107.39 - - [25/Apr/2025:07:53:42 +0000] "\x16\x03\x01\x00\xEE\x01\x00\x00\xEA\x03\x03]\x8A\xD1D(/k\xE3\xF5\xDC\xF1\xEA\xAB\xB3\xFD" 400 157 "-" "-"
157.230.107.39 - - [25/Apr/2025:07:53:47 +0000] "\x16\x03\x01\x00\xEE\x01\x00\x00\xEA\x03\x03v\x84\xB3\x8A\x81\xDE\xCD\xAF\x04C\x17\xC6\x9D<\x1E\x94\xF9\xFFp.3\xC7\xB9h\xBE0$\x14Q\x9B@q Q\xCAOY\xEA\xC0\x964\xC10" 400 157 "-" "-"
138.68.99.122 - - [25/Apr/2025:07:53:47 +0000] "GET /v2/_catalog HTTP/1.1" 301 169 "-" "Go-http-client/1.1"
167.172.184.23 - - [25/Apr/2025:07:53:47 +0000] "GET /cgi-bin/authLogin.cgi HTTP/1.1" 301 169 "-" "Go-http-client/1.1"
138.68.99.122 - - [25/Apr/2025:07:53:57 +0000] "GET /v2/_catalog HTTP/1.1" 301 169 "-" "Go-http-client/1.1"
167.172.184.23 - - [25/Apr/2025:07:53:57 +0000] "GET /cgi-bin/authLogin.cgi HTTP/1.1" 301 169 "-" "Go-http-client/1.1"
157.230.107.39 - - [25/Apr/2025:07:54:02 +0000] "\x16\x03\x01\x00\xC7\x01\x00\x00\xC3\x03\x03]\xCCU\x86\xEA\x95\xE6e|\xE1\x04\xC1+:\xBB\x8DWN\xB0\xBB\xB8B\xB8\x06Y\xD7 F\x93\xBB~\xB7\x00\x00P\xC0/\xC0+\xC0\x11\xC0\x07\xC0\x13\xC0\x09\xC0\x14\xC0" 400 157 "-" "-"
178.211.139.123 - - [25/Apr/2025:07:59:50 +0000] "GET / HTTP/1.1" 301 169 "-" "Mozilla/5.0 (Windows NT 10.0; Win64; x64) AppleWebKit/537.36 (KHTML, like Gecko) Chrome/90.0.4430.85 Safari/537.36 Edg/90.0.818.46"
154.81.156.54 - - [25/Apr/2025:08:00:22 +0000] "GET / HTTP/1.1" 301 169 "-" "Mozilla/5.0 (Windows NT 10.0; Win64; x64) AppleWebKit/537.36 (KHTML, like Gecko) Chrome/90.0.4430.85 Safari/537.36 Edg/90.0.818.46"
185.255.122.19 - - [25/Apr/2025:08:01:18 +0000] "GET / HTTP/1.1" 301 169 "-" "Mozilla/5.0 (Windows NT 10.0; Win64; x64) AppleWebKit/537.36 (KHTML, like Gecko) Chrome/90.0.4430.85 Safari/537.36 Edg/90.0.818.46"
154.81.156.34 - - [25/Apr/2025:08:05:35 +0000] "GET / HTTP/1.1" 301 169 "-" "Hello World"
178.64.250.248 - - [25/Apr/2025:08:06:54 +0000] "GET /robots.txt HTTP/1.1" 301 169 "" "Mozilla/5.0 (compatible; YandexBot/3.0; +http://yandex.com/bots)"
195.178.110.224 - - [25/Apr/2025:08:10:34 +0000] "GET / HTTP/1.0" 301 169 "-" "-"
5.183.209.244 - - [25/Apr/2025:08:12:42 +0000] "GET / HTTP/1.1" 301 169 "-" "Mozilla/5.0 (Windows NT 10.0; Win64; x64) AppleWebKit/537.36 (KHTML, like Gecko) Chrome/90.0.4430.85 Safari/537.36 Edg/90.0.818.46"
95.214.53.106 - - [25/Apr/2025:08:18:00 +0000] "GET / HTTP/1.1" 301 169 "-" "Hello World"
92.255.57.58 - - [25/Apr/2025:08:24:10 +0000] "GET /?XDEBUG_SESSION_START=phpstorm HTTP/1.1" 301 169 "-" "Mozilla/5.0 (Windows NT 10.0; Win64; x64) AppleWebKit/537.36 (KHTML, like Gecko) Chrome/78.0.3904.108 Safari/537.36"
154.81.156.34 - - [25/Apr/2025:08:25:10 +0000] "GET / HTTP/1.1" 301 169 "-" "Mozilla/5.0 (Windows NT 10.0; Win64; x64) AppleWebKit/537.36 (KHTML, like Gecko) Chrome/90.0.4430.85 Safari/537.36 Edg/90.0.818.46"
162.142.125.122 - - [25/Apr/2025:08:28:38 +0000] "GET / HTTP/1.1" 301 169 "-" "Mozilla/5.0 (compatible; CensysInspect/1.1; +https://about.censys.io/)"
162.142.125.122 - - [25/Apr/2025:08:28:40 +0000] "PRI * HTTP/2.0" 400 157 "-" "-"
162.142.125.122 - - [25/Apr/2025:08:28:46 +0000] "GET /favicon.ico HTTP/1.1" 301 169 "-" "Mozilla/5.0 (compatible; CensysInspect/1.1; +https://about.censys.io/)"
162.142.125.122 - - [25/Apr/2025:08:28:54 +0000] "\x16\x03\x01\x00\xF7\x01\x00\x00\xF3\x03\x03\x05=\x7F-1\xA47\xED\xC7\x08\xE8\x0Ev-\xE7\xA6\xB1\xD2p\xF1]#*\xC3T\x98\x8Fo\xA7\x10\x1Em \x91\xC57\x8C\x98\x82\x8C\x18\xF9\xE8\x0F\x0F\xA5\x17\x94r\xAA\xF3zc\xCAZ.\x17\x99\xF6\xCFt\x15\xF8V\x8A\x00&\xCC\xA8\xCC\xA9\xC0/\xC00\xC0+\xC0,\xC0\x13\xC0\x09\xC0\x14\xC0" 400 157 "-" "-"
154.81.156.54 - - [25/Apr/2025:08:29:01 +0000] "GET / HTTP/1.1" 301 169 "-" "Mozilla/5.0 (Windows NT 10.0; Win64; x64) AppleWebKit/537.36 (KHTML, like Gecko) Chrome/90.0.4430.85 Safari/537.36 Edg/90.0.818.46"
185.16.38.107 - - [25/Apr/2025:08:30:07 +0000] "GET / HTTP/1.1" 301 169 "-" "Mozilla/5.0 (Windows NT 10.0; Win64; x64) AppleWebKit/537.36 (KHTML, like Gecko) Chrome/90.0.4430.85 Safari/537.36 Edg/90.0.818.46"
185.242.226.116 - - [25/Apr/2025:08:42:44 +0000] "\x16\x03\x01\x00\x9A\x01\x00\x00\x96\x03\x03\x96\xA0]\xEF\xE8\xAA\xE7\xE1_.]=\xECz\x84\x15x\xB2\xF1\xB0.\xBC\x5C\xEF\xE4m-\x8DH\xE2\x17\xF4\x00\x00\x1A\xC0/\xC0+\xC0\x11\xC0\x07\xC0\x13\xC0\x09\xC0\x14\xC0" 400 157 "-" "-"
34.56.100.42 - - [25/Apr/2025:08:49:32 +0000] "GET / HTTP/1.1" 301 169 "-" "Mozilla/5.0 (Windows NT 10.0; Win64; x64) AppleWebKit/537.36 (KHTML, like Gecko) Chrome/89.0.4389.114 Safari/537.36"
34.56.100.42 - - [25/Apr/2025:08:49:32 +0000] "" 400 0 "-" "-"
5.135.58.206 - - [25/Apr/2025:08:53:36 +0000] "GET / HTTP/1.1" 301 169 "-" "Mozilla/5.0 (X11; Ubuntu; Linux x86_64; rv:134.0) Gecko/20100101 Firefox/134.0"
43.130.78.203 - - [25/Apr/2025:08:58:01 +0000] "GET / HTTP/1.1" 301 169 "-" "Mozilla/5.0 (iPhone; CPU iPhone OS 13_2_3 like Mac OS X) AppleWebKit/605.1.15 (KHTML, like Gecko) Version/13.0.3 Mobile/15E148 Safari/604.1"
91.196.152.59 - - [25/Apr/2025:09:00:44 +0000] "GET /favicon.ico HTTP/1.1" 301 169 "-" "Mozilla/5.0 (X11; Ubuntu; Linux x86_64; rv:134.0) Gecko/20100101 Firefox/134.0"
178.211.139.123 - - [25/Apr/2025:09:03:44 +0000] "GET / HTTP/1.1" 301 169 "-" "Mozilla/5.0 (Windows NT 10.0; Win64; x64) AppleWebKit/537.36 (KHTML, like Gecko) Chrome/90.0.4430.85 Safari/537.36 Edg/90.0.818.46"
95.214.53.106 - - [25/Apr/2025:09:08:24 +0000] "GET / HTTP/1.1" 301 169 "-" "Hello World"
185.191.127.222 - - [25/Apr/2025:09:09:04 +0000] "GET / HTTP/1.1" 301 169 "-" "-"
154.81.156.54 - - [25/Apr/2025:09:14:28 +0000] "GET / HTTP/1.1" 301 169 "-" "Mozilla/5.0 (Windows NT 10.0; Win64; x64) AppleWebKit/537.36 (KHTML, like Gecko) Chrome/90.0.4430.85 Safari/537.36 Edg/90.0.818.46"
185.16.38.107 - - [25/Apr/2025:09:19:27 +0000] "GET / HTTP/1.1" 301 169 "-" "Mozilla/5.0 (Windows NT 10.0; Win64; x64) AppleWebKit/537.36 (KHTML, like Gecko) Chrome/90.0.4430.85 Safari/537.36 Edg/90.0.818.46"
92.255.57.58 - - [25/Apr/2025:09:26:09 +0000] "GET /actuator/gateway/routes HTTP/1.1" 301 169 "-" "Mozilla/5.0 (Windows NT 10.0; Win64; x64) AppleWebKit/537.36 (KHTML, like Gecko) Chrome/78.0.3904.108 Safari/537.36"
185.255.122.19 - - [25/Apr/2025:09:37:47 +0000] "GET / HTTP/1.1" 301 169 "-" "Mozilla/5.0 (Windows NT 10.0; Win64; x64) AppleWebKit/537.36 (KHTML, like Gecko) Chrome/90.0.4430.85 Safari/537.36 Edg/90.0.818.46"
178.64.250.248 - - [25/Apr/2025:09:38:07 +0000] "GET / HTTP/1.1" 301 169 "https://google.com" "Mozilla/5.0 (Windows NT 10.0; Win64; x64) AppleWebKit/537.36 (KHTML, like Gecko) Chrome/113.0.5672.127 Safari/537.36"
208.110.70.42 - - [25/Apr/2025:09:45:04 +0000] "GET /restore.php HTTP/1.1" 301 169 "-" "-"
83.150.218.222 - - [25/Apr/2025:09:47:30 +0000] "GET / HTTP/1.1" 301 169 "-" "-"
154.81.156.54 - - [25/Apr/2025:09:48:59 +0000] "GET / HTTP/1.1" 301 169 "-" "Mozilla/5.0 (Windows NT 10.0; Win64; x64) AppleWebKit/537.36 (KHTML, like Gecko) Chrome/90.0.4430.85 Safari/537.36 Edg/90.0.818.46"
95.214.53.106 - - [25/Apr/2025:09:57:43 +0000] "GET / HTTP/1.1" 301 169 "-" "Hello World"
154.81.156.34 - - [25/Apr/2025:09:57:51 +0000] "GET / HTTP/1.1" 301 169 "-" "Hello World"
178.211.139.123 - - [25/Apr/2025:09:59:35 +0000] "GET / HTTP/1.1" 301 169 "-" "Mozilla/5.0 (Windows NT 10.0; Win64; x64) AppleWebKit/537.36 (KHTML, like Gecko) Chrome/90.0.4430.85 Safari/537.36 Edg/90.0.818.46"
185.255.122.19 - - [25/Apr/2025:10:06:20 +0000] "GET / HTTP/1.1" 301 169 "-" "Mozilla/5.0 (Windows NT 10.0; Win64; x64) AppleWebKit/537.36 (KHTML, like Gecko) Chrome/90.0.4430.85 Safari/537.36 Edg/90.0.818.46"
154.81.156.35 - - [25/Apr/2025:10:06:24 +0000] "GET / HTTP/1.1" 301 169 "-" "Mozilla/5.0 (Windows NT 10.0; Win64; x64) AppleWebKit/537.36 (KHTML, like Gecko) Chrome/90.0.4430.85 Safari/537.36 Edg/90.0.818.46"
93.174.93.12 - - [25/Apr/2025:10:06:35 +0000] "GET / HTTP/1.0" 301 169 "-" "Mozilla/5.0 (Linux; Android 7.0; SM-G955U) AppleWebKit/537.36 (KHTML, like Gecko) Chrome/74.0.3729.157 Mobile Safari/537.36"
154.81.156.34 - - [25/Apr/2025:10:10:13 +0000] "GET / HTTP/1.1" 301 169 "-" "Mozilla/5.0 (Windows NT 10.0; Win64; x64) AppleWebKit/537.36 (KHTML, like Gecko) Chrome/90.0.4430.85 Safari/537.36 Edg/90.0.818.46"
185.16.38.107 - - [25/Apr/2025:10:13:27 +0000] "GET / HTTP/1.1" 301 169 "-" "Mozilla/5.0 (Windows NT 10.0; Win64; x64) AppleWebKit/537.36 (KHTML, like Gecko) Chrome/90.0.4430.85 Safari/537.36 Edg/90.0.818.46"
154.81.156.54 - - [25/Apr/2025:10:23:05 +0000] "GET / HTTP/1.1" 301 169 "-" "Mozilla/5.0 (Windows NT 10.0; Win64; x64) AppleWebKit/537.36 (KHTML, like Gecko) Chrome/90.0.4430.85 Safari/537.36 Edg/90.0.818.46"
154.81.156.34 - - [25/Apr/2025:10:25:32 +0000] "GET / HTTP/1.1" 301 169 "-" "Hello World"
92.255.57.58 - - [25/Apr/2025:10:28:01 +0000] "\x16\x03\x01\x05\xA8\x01\x00\x05\xA4\x03\x03\x18i\x89)\xA0\xB6\x858N\xF5\xD2+\x157\xF8>\x0F\xE1\x94aOd\x0C\xE2\x9DL_[\x5C\x18\xECe \xD6\x1C}\x04\x17\xF4\xF5\xE4\xE3\x05\xE1\x99\x84B\xD8\x22PZ6B\xD8\xD7\x8E=\x06\xC7W%\x08\xBC\xCD\xFC\x00\x1A\xC0+\xC0/\xC0,\xC00\xCC\xA9\xCC\xA8\xC0\x09\xC0\x13\xC0" 400 157 "-" "-"
95.214.53.106 - - [25/Apr/2025:10:48:55 +0000] "GET / HTTP/1.1" 301 169 "-" "Hello World"
154.81.156.34 - - [25/Apr/2025:10:54:25 +0000] "GET / HTTP/1.1" 301 169 "-" "Hello World"
185.16.38.107 - - [25/Apr/2025:10:54:25 +0000] "GET / HTTP/1.1" 301 169 "-" "Mozilla/5.0 (Windows NT 10.0; Win64; x64) AppleWebKit/537.36 (KHTML, like Gecko) Chrome/90.0.4430.85 Safari/537.36 Edg/90.0.818.46"
154.81.156.54 - - [25/Apr/2025:10:55:22 +0000] "GET / HTTP/1.1" 301 169 "-" "Mozilla/5.0 (Windows NT 10.0; Win64; x64) AppleWebKit/537.36 (KHTML, like Gecko) Chrome/90.0.4430.85 Safari/537.36 Edg/90.0.818.46"
178.211.139.123 - - [25/Apr/2025:11:00:04 +0000] "GET / HTTP/1.1" 301 169 "-" "Mozilla/5.0 (Windows NT 10.0; Win64; x64) AppleWebKit/537.36 (KHTML, like Gecko) Chrome/90.0.4430.85 Safari/537.36 Edg/90.0.818.46"
195.178.110.157 - - [25/Apr/2025:11:00:55 +0000] "GET / HTTP/1.1" 400 157 "-" "-"
195.178.110.157 - - [25/Apr/2025:11:00:55 +0000] "GET / HTTP/1.1" 301 169 "-" "l9tcpid/v1.1.0"
195.178.110.157 - - [25/Apr/2025:11:00:55 +0000] "GET /assets../.git/config HTTP/1.1" 301 169 "-" "l9explore/1.2.2"
195.178.110.157 - - [25/Apr/2025:11:00:55 +0000] "GET /public/.git/config HTTP/1.1" 301 169 "-" "l9explore/1.2.2"
195.178.110.157 - - [25/Apr/2025:11:00:55 +0000] "GET /admin/.git/config HTTP/1.1" 301 169 "-" "l9explore/1.2.2"
195.178.110.157 - - [25/Apr/2025:11:00:56 +0000] "GET /.env.save HTTP/1.1" 301 169 "-" "l9explore/1.2.2"
195.178.110.157 - - [25/Apr/2025:11:00:56 +0000] "GET /.env.stage HTTP/1.1" 301 169 "-" "l9explore/1.2.2"
195.178.110.157 - - [25/Apr/2025:11:00:56 +0000] "GET /settings/.env HTTP/1.1" 301 169 "-" "l9explore/1.2.2"
195.178.110.157 - - [25/Apr/2025:11:00:56 +0000] "GET /data/.git/config HTTP/1.1" 301 169 "-" "l9explore/1.2.2"
195.178.110.157 - - [25/Apr/2025:11:00:56 +0000] "GET /files/.git/config HTTP/1.1" 301 169 "-" "l9explore/1.2.2"
195.178.110.157 - - [25/Apr/2025:11:00:56 +0000] "GET /.env.secret HTTP/1.1" 301 169 "-" "l9explore/1.2.2"
195.178.110.157 - - [25/Apr/2025:11:00:56 +0000] "GET /.env.staging.local HTTP/1.1" 301 169 "-" "l9explore/1.2.2"
195.178.110.157 - - [25/Apr/2025:11:00:56 +0000] "GET /build/.env HTTP/1.1" 301 169 "-" "l9explore/1.2.2"
195.178.110.157 - - [25/Apr/2025:11:00:56 +0000] "GET /cms/.git/config HTTP/1.1" 301 169 "-" "l9explore/1.2.2"
195.178.110.157 - - [25/Apr/2025:11:00:57 +0000] "GET /.aws/credentials HTTP/1.1" 301 169 "-" "l9explore/1.2.2"
195.178.110.157 - - [25/Apr/2025:11:00:57 +0000] "GET /.env.ci HTTP/1.1" 301 169 "-" "l9explore/1.2.2"
195.178.110.157 - - [25/Apr/2025:11:00:57 +0000] "GET /.env HTTP/1.1" 301 169 "-" "l9explore/1.2.2"
195.178.110.157 - - [25/Apr/2025:11:00:57 +0000] "GET /.env.config HTTP/1.1" 301 169 "-" "l9explore/1.2.2"
195.178.110.157 - - [25/Apr/2025:11:00:57 +0000] "GET /.env.template HTTP/1.1" 301 169 "-" "l9explore/1.2.2"
195.178.110.157 - - [25/Apr/2025:11:00:57 +0000] "GET /.env.test HTTP/1.1" 301 169 "-" "l9explore/1.2.2"
195.178.110.157 - - [25/Apr/2025:11:00:57 +0000] "GET /backup/.git/config HTTP/1.1" 301 169 "-" "l9explore/1.2.2"
195.178.110.157 - - [25/Apr/2025:11:00:57 +0000] "GET /api/.git/config HTTP/1.1" 301 169 "-" "l9explore/1.2.2"
195.178.110.157 - - [25/Apr/2025:11:00:57 +0000] "GET /.env.bak HTTP/1.1" 301 169 "-" "l9explore/1.2.2"
195.178.110.157 - - [25/Apr/2025:11:00:57 +0000] "GET /.env.production HTTP/1.1" 301 169 "-" "l9explore/1.2.2"
195.178.110.157 - - [25/Apr/2025:11:00:58 +0000] "GET /.env.production.local HTTP/1.1" 301 169 "-" "l9explore/1.2.2"
195.178.110.157 - - [25/Apr/2025:11:00:58 +0000] "GET /media../.git/config HTTP/1.1" 301 169 "-" "l9explore/1.2.2"
195.178.110.157 - - [25/Apr/2025:11:00:58 +0000] "GET /dev/.git/config HTTP/1.1" 301 169 "-" "l9explore/1.2.2"
195.178.110.157 - - [25/Apr/2025:11:00:58 +0000] "GET /media/.git/config HTTP/1.1" 301 169 "-" "l9explore/1.2.2"
195.178.110.157 - - [25/Apr/2025:11:00:58 +0000] "GET /.env.development.local HTTP/1.1" 301 169 "-" "l9explore/1.2.2"
195.178.110.157 - - [25/Apr/2025:11:00:58 +0000] "GET /prod/.env HTTP/1.1" 301 169 "-" "l9explore/1.2.2"
195.178.110.157 - - [25/Apr/2025:11:00:58 +0000] "GET /app/.git/config HTTP/1.1" 301 169 "-" "l9explore/1.2.2"
195.178.110.157 - - [25/Apr/2025:11:00:58 +0000] "GET /www/.git/config HTTP/1.1" 301 169 "-" "l9explore/1.2.2"
195.178.110.157 - - [25/Apr/2025:11:00:58 +0000] "GET /.env.local HTTP/1.1" 301 169 "-" "l9explore/1.2.2"
195.178.110.157 - - [25/Apr/2025:11:00:58 +0000] "GET /.env_sample HTTP/1.1" 301 169 "-" "l9explore/1.2.2"
195.178.110.157 - - [25/Apr/2025:11:00:59 +0000] "GET /.env.uat HTTP/1.1" 301 169 "-" "l9explore/1.2.2"
195.178.110.157 - - [25/Apr/2025:11:00:59 +0000] "GET /docker-compose.prod.yml HTTP/1.1" 301 169 "-" "l9explore/1.2.2"
195.178.110.157 - - [25/Apr/2025:11:00:59 +0000] "GET /api/.env HTTP/1.1" 301 169 "-" "l9explore/1.2.2"
195.178.110.157 - - [25/Apr/2025:11:00:59 +0000] "GET /core/.git/config HTTP/1.1" 301 169 "-" "l9explore/1.2.2"
195.178.110.157 - - [25/Apr/2025:11:00:59 +0000] "GET /.env.prod HTTP/1.1" 301 169 "-" "l9explore/1.2.2"
195.178.110.157 - - [25/Apr/2025:11:00:59 +0000] "GET /.env.default HTTP/1.1" 301 169 "-" "l9explore/1.2.2"
195.178.110.157 - - [25/Apr/2025:11:00:59 +0000] "GET /.env.dev HTTP/1.1" 301 169 "-" "l9explore/1.2.2"
195.178.110.157 - - [25/Apr/2025:11:00:59 +0000] "GET /.env.dev.local HTTP/1.1" 301 169 "-" "l9explore/1.2.2"
195.178.110.157 - - [25/Apr/2025:11:00:59 +0000] "GET /.env.live HTTP/1.1" 301 169 "-" "l9explore/1.2.2"
195.178.110.157 - - [25/Apr/2025:11:01:00 +0000] "GET /configuration/.env HTTP/1.1" 301 169 "-" "l9explore/1.2.2"
195.178.110.157 - - [25/Apr/2025:11:01:00 +0000] "GET /project/.git/config HTTP/1.1" 301 169 "-" "l9explore/1.2.2"
195.178.110.157 - - [25/Apr/2025:11:01:00 +0000] "GET /server/.git/config HTTP/1.1" 301 169 "-" "l9explore/1.2.2"
195.178.110.157 - - [25/Apr/2025:11:01:00 +0000] "GET /.env.backup HTTP/1.1" 301 169 "-" "l9explore/1.2.2"
195.178.110.157 - - [25/Apr/2025:11:01:00 +0000] "GET /config/.env HTTP/1.1" 301 169 "-" "l9explore/1.2.2"
195.178.110.157 - - [25/Apr/2025:11:01:00 +0000] "GET /.git/config HTTP/1.1" 301 169 "-" "l9explore/1.2.2"
195.178.110.157 - - [25/Apr/2025:11:01:00 +0000] "GET /config.json HTTP/1.1" 301 169 "-" "l9explore/1.2.2"
195.178.110.157 - - [25/Apr/2025:11:01:00 +0000] "GET /config/.git/config HTTP/1.1" 301 169 "-" "l9explore/1.2.2"
195.178.110.157 - - [25/Apr/2025:11:01:00 +0000] "GET /.env.testing HTTP/1.1" 301 169 "-" "l9explore/1.2.2"
195.178.110.157 - - [25/Apr/2025:11:01:01 +0000] "GET /.env.sandbox HTTP/1.1" 301 169 "-" "l9explore/1.2.2"
195.178.110.157 - - [25/Apr/2025:11:01:01 +0000] "GET /.env.dist HTTP/1.1" 301 169 "-" "l9explore/1.2.2"
195.178.110.157 - - [25/Apr/2025:11:01:01 +0000] "GET /static../.git/config HTTP/1.1" 301 169 "-" "l9explore/1.2.2"
195.178.110.157 - - [25/Apr/2025:11:01:01 +0000] "GET /.env.preprod HTTP/1.1" 301 169 "-" "l9explore/1.2.2"
195.178.110.157 - - [25/Apr/2025:11:01:01 +0000] "GET /src/.git/config HTTP/1.1" 301 169 "-" "l9explore/1.2.2"
43.153.71.132 - - [25/Apr/2025:11:02:06 +0000] "GET / HTTP/1.1" 301 169 "-" "Mozilla/5.0 (iPhone; CPU iPhone OS 13_2_3 like Mac OS X) AppleWebKit/605.1.15 (KHTML, like Gecko) Version/13.0.3 Mobile/15E148 Safari/604.1"
104.234.115.165 - - [25/Apr/2025:11:12:11 +0000] "GET / HTTP/1.0" 301 169 "-" "'Mozilla/5.0 (compatible; GenomeCrawlerd/1.0; +https://www.nokia.com/genomecrawler)'"
104.234.115.165 - - [25/Apr/2025:11:12:22 +0000] "\x16\x03\x01\x00\xEE\x01\x00\x00\xEA\x03\x03\xBE\xACW\xB4Vo\xB7\x13Ur%$\xD5G\x13\x19\xC2\xF8a\x7Ff\xD4\xBE\x22\x1D\x8B\xB6\x17\x9E\xDF\x173 \x9A\x84)\xAE\xC3\xD5@KP\x16l\xA4a,\x03*<\x98\xC8(\xB8\xF2\xE7u\xC1 M}*8\x0E\xE2\x00&\xCC\xA8\xCC\xA9\xC0/\xC00\xC0+\xC0,\xC0\x13\xC0\x09\xC0\x14\xC0" 400 157 "-" "-"
104.234.115.165 - - [25/Apr/2025:11:12:38 +0000] "GET / HTTP/1.1" 301 169 "-" "'Mozilla/5.0 (compatible; GenomeCrawlerd/1.0; +https://www.nokia.com/genomecrawler)'"
104.234.115.165 - - [25/Apr/2025:11:14:31 +0000] "GET /login HTTP/1.1" 301 169 "-" "'Mozilla/5.0 (compatible; GenomeCrawlerd/1.0; +https://www.nokia.com/genomecrawler)'"
104.234.115.165 - - [25/Apr/2025:11:14:39 +0000] "GET /doc/index.html HTTP/1.1" 301 169 "-" "'Mozilla/5.0 (compatible; GenomeCrawlerd/1.0; +https://www.nokia.com/genomecrawler)'"
104.234.115.165 - - [25/Apr/2025:11:15:29 +0000] "GET //webpages/login.html HTTP/1.1" 301 169 "-" "'Mozilla/5.0 (compatible; GenomeCrawlerd/1.0; +https://www.nokia.com/genomecrawler)'"
154.81.156.34 - - [25/Apr/2025:11:21:24 +0000] "GET / HTTP/1.1" 301 169 "-" "Hello World"
154.81.156.54 - - [25/Apr/2025:11:31:37 +0000] "GET / HTTP/1.1" 301 169 "-" "Mozilla/5.0 (Windows NT 10.0; Win64; x64) AppleWebKit/537.36 (KHTML, like Gecko) Chrome/90.0.4430.85 Safari/537.36 Edg/90.0.818.46"
185.255.122.19 - - [25/Apr/2025:11:35:44 +0000] "GET / HTTP/1.1" 301 169 "-" "Mozilla/5.0 (Windows NT 10.0; Win64; x64) AppleWebKit/537.36 (KHTML, like Gecko) Chrome/90.0.4430.85 Safari/537.36 Edg/90.0.818.46"
185.191.127.222 - - [25/Apr/2025:11:39:06 +0000] "GET / HTTP/1.1" 301 169 "-" "-"
95.214.53.106 - - [25/Apr/2025:11:39:16 +0000] "GET / HTTP/1.1" 301 169 "-" "Hello World"
104.248.168.3 - - [25/Apr/2025:11:42:14 +0000] "GET /.env HTTP/1.1" 301 169 "-" "Mozilla/5.0; Keydrop.io/1.0(onlyscans.com/about);"
104.248.168.3 - - [25/Apr/2025:11:42:24 +0000] "GET /.git/config HTTP/1.1" 301 169 "-" "Mozilla/5.0; Keydrop.io/1.0(onlyscans.com/about);"
185.16.38.107 - - [25/Apr/2025:11:44:58 +0000] "GET / HTTP/1.1" 301 169 "-" "Mozilla/5.0 (Windows NT 10.0; Win64; x64) AppleWebKit/537.36 (KHTML, like Gecko) Chrome/90.0.4430.85 Safari/537.36 Edg/90.0.818.46"
154.81.156.34 - - [25/Apr/2025:11:49:12 +0000] "GET / HTTP/1.1" 301 169 "-" "Hello World"
64.226.110.12 - - [25/Apr/2025:11:51:37 +0000] "\x16\x03\x01\x01$\x01\x00\x01 \x03\x03q\x01\xAF\x95\xAA\x8A\x98\x05\x87\x07[\xF7\x22z\x12\x1E\x95\xE3\x02\x01\xDA\x03\x14x\xDB/\x09\x10\x13\xF7\xFEM \xAAE\x98_|\xAA\xDDus\xA4\xF68dY\xCCY\x03o\x8B[\x5C\xEE\x9A\xEE\x0F\x01\x9A,%8\xAA\xA0\x00>\x13\x02\x13\x03\x13\x01\xC0,\xC00\x00\x9F\xCC\xA9\xCC\xA8\xCC\xAA\xC0+\xC0/\x00\x9E\xC0$\xC0(\x00k\xC0#\xC0'\x00g\xC0" 400 157 "-" "-"
178.211.139.123 - - [25/Apr/2025:12:03:47 +0000] "GET / HTTP/1.1" 301 169 "-" "Mozilla/5.0 (Windows NT 10.0; Win64; x64) AppleWebKit/537.36 (KHTML, like Gecko) Chrome/90.0.4430.85 Safari/537.36 Edg/90.0.818.46"
154.81.156.54 - - [25/Apr/2025:12:07:39 +0000] "GET / HTTP/1.1" 301 169 "-" "Mozilla/5.0 (Windows NT 10.0; Win64; x64) AppleWebKit/537.36 (KHTML, like Gecko) Chrome/90.0.4430.85 Safari/537.36 Edg/90.0.818.46"
208.110.70.42 - - [25/Apr/2025:12:14:09 +0000] "GET /restore.php HTTP/1.1" 301 169 "-" "-"
154.81.156.34 - - [25/Apr/2025:12:17:22 +0000] "GET / HTTP/1.1" 301 169 "-" "Hello World"
95.214.53.106 - - [25/Apr/2025:12:29:27 +0000] "GET / HTTP/1.1" 301 169 "-" "Hello World"
185.16.38.107 - - [25/Apr/2025:12:34:39 +0000] "GET / HTTP/1.1" 301 169 "-" "Mozilla/5.0 (Windows NT 10.0; Win64; x64) AppleWebKit/537.36 (KHTML, like Gecko) Chrome/90.0.4430.85 Safari/537.36 Edg/90.0.818.46"
185.255.122.19 - - [25/Apr/2025:12:35:46 +0000] "GET / HTTP/1.1" 301 169 "-" "Mozilla/5.0 (Windows NT 10.0; Win64; x64) AppleWebKit/537.36 (KHTML, like Gecko) Chrome/90.0.4430.85 Safari/537.36 Edg/90.0.818.46"
154.81.156.35 - - [25/Apr/2025:12:41:03 +0000] "GET / HTTP/1.1" 301 169 "-" "Mozilla/5.0 (Windows NT 10.0; Win64; x64) AppleWebKit/537.36 (KHTML, like Gecko) Chrome/90.0.4430.85 Safari/537.36 Edg/90.0.818.46"
154.81.156.54 - - [25/Apr/2025:12:42:10 +0000] "GET / HTTP/1.1" 301 169 "-" "Mozilla/5.0 (Windows NT 10.0; Win64; x64) AppleWebKit/537.36 (KHTML, like Gecko) Chrome/90.0.4430.85 Safari/537.36 Edg/90.0.818.46"
154.81.156.34 - - [25/Apr/2025:12:44:57 +0000] "GET / HTTP/1.1" 301 169 "-" "Hello World"
172.70.242.167 - - [25/Apr/2025:12:53:14 +0000] "GET /wp-admin/setup-config.php HTTP/1.1" 301 169 "-" "Mozilla/5.0 (Windows NT 10.0; Win64; x64) AppleWebKit/537.36 (KHTML, like Gecko) Chrome/135.0.0.0 Safari/537.36"
172.71.144.143 - - [25/Apr/2025:12:53:44 +0000] "GET /wordpress/wp-admin/setup-config.php HTTP/1.1" 301 169 "-" "Mozilla/5.0 (Windows NT 10.0; Win64; x64) AppleWebKit/537.36 (KHTML, like Gecko) Chrome/135.0.0.0 Safari/537.36"
185.218.86.4 - - [25/Apr/2025:12:55:43 +0000] "GET / HTTP/1.1" 301 169 "-" "Mozilla/5.0 (Windows NT 10.0; Win64; x64) AppleWebKit/537.36 (KHTML, like Gecko) Chrome/90.0.4430.85 Safari/537.36 Edg/90.0.818.46"
95.214.55.23 - admin [25/Apr/2025:12:58:50 +0000] "GET /Network/Port HTTP/1.1" 301 169 "http://217.114.5.251:80/" "-"
185.191.127.222 - - [25/Apr/2025:13:01:27 +0000] "GET / HTTP/1.1" 301 169 "-" "-"
62.113.113.43 - - [25/Apr/2025:13:01:59 +0000] "GET / HTTP/1.1" 301 169 "-" "Mozilla/5.0 (Linux; Android 6.0; HUAWEI MLA-AL10 Build/HUAWEIMLA-AL10; wv) AppleWebKit/537.36 (KHTML, like Gecko) Version/4.0 Chrome/76.0.3809.89 Mobile Safari/537.36 T7/11.19 SP-engine/2.15.0 baiduboxapp/11.19.5.10 (Baidu; P1 6.0)"
178.211.139.123 - - [25/Apr/2025:13:12:11 +0000] "GET / HTTP/1.1" 301 169 "-" "Mozilla/5.0 (Windows NT 10.0; Win64; x64) AppleWebKit/537.36 (KHTML, like Gecko) Chrome/90.0.4430.85 Safari/537.36 Edg/90.0.818.46"
154.81.156.34 - - [25/Apr/2025:13:13:08 +0000] "GET / HTTP/1.1" 301 169 "-" "Hello World"
135.119.104.233 - - [25/Apr/2025:13:14:27 +0000] "GET / HTTP/1.1" 301 169 "-" "Mozilla/5.0 zgrab/0.x"
154.81.156.54 - - [25/Apr/2025:13:21:55 +0000] "GET / HTTP/1.1" 301 169 "-" "Mozilla/5.0 (Windows NT 10.0; Win64; x64) AppleWebKit/537.36 (KHTML, like Gecko) Chrome/90.0.4430.85 Safari/537.36 Edg/90.0.818.46"
185.16.38.107 - - [25/Apr/2025:13:28:31 +0000] "GET / HTTP/1.1" 301 169 "-" "Mozilla/5.0 (Windows NT 10.0; Win64; x64) AppleWebKit/537.36 (KHTML, like Gecko) Chrome/90.0.4430.85 Safari/537.36 Edg/90.0.818.46"
117.255.64.15 - - [25/Apr/2025:13:34:06 +0000] "GET / HTTP/1.1" 301 169 "-" "Mozilla/5.0 (Windows NT 10.0; WOW64) AppleWebKit/537.36 (KHTML, like Gecko) Chrome/51.0.2704.103 Safari/537.36"
184.105.247.195 - - [25/Apr/2025:13:38:57 +0000] "\x16\x03\x01\x00{\x01\x00\x00w\x03\x03\x5C\x04U\xBE\x0C\xEA\xFE\xC9\xA3\xCF\xF5\xA9l\xA1\x14\x1B\xF5j)\xC1\xF5\xD1h\xA9\xD2\xA4\xB3\xD6\xA9\x8B\x00N\x00\x00\x1A\xC0/\xC0+\xC0\x11\xC0\x07\xC0\x13\xC0\x09\xC0\x14\xC0" 400 157 "-" "-"
154.81.156.34 - - [25/Apr/2025:13:41:26 +0000] "GET / HTTP/1.1" 301 169 "-" "Hello World"
209.38.142.14 - - [25/Apr/2025:13:45:16 +0000] "GET /.git/config HTTP/1.1" 301 169 "-" "Mozilla/5.0 (X11; Linux x86_64) AppleWebKit/537.36 (KHTML, like Gecko) Chrome/81.0.4044.129 Safari/537.36"
108.177.131.221 - - [25/Apr/2025:13:46:16 +0000] "GET / HTTP/1.1" 301 169 "-" "Mozilla/5.0 (Windows NT 10.0; Win64; x64; Xbox; Xbox One) AppleWebKit/537.36 (KHTML, like Gecko) Chrome/114.0.0.0 Safari/537.36 Edge/44.18363.8131"
162.158.202.147 - - [25/Apr/2025:13:49:17 +0000] "GET /wp-admin/setup-config.php HTTP/1.1" 301 169 "-" "Mozilla/5.0 (Windows NT 10.0; Win64; x64) AppleWebKit/537.36 (KHTML, like Gecko) Chrome/135.0.0.0 Safari/537.36"
141.101.99.216 - - [25/Apr/2025:13:50:10 +0000] "GET /wordpress/wp-admin/setup-config.php HTTP/1.1" 301 169 "-" "Mozilla/5.0 (Windows NT 10.0; Win64; x64) AppleWebKit/537.36 (KHTML, like Gecko) Chrome/135.0.0.0 Safari/537.36"
154.81.156.54 - - [25/Apr/2025:13:55:12 +0000] "GET / HTTP/1.1" 301 169 "-" "Mozilla/5.0 (Windows NT 10.0; Win64; x64) AppleWebKit/537.36 (KHTML, like Gecko) Chrome/90.0.4430.85 Safari/537.36 Edg/90.0.818.46"
185.255.122.19 - - [25/Apr/2025:13:55:30 +0000] "GET / HTTP/1.1" 301 169 "-" "Mozilla/5.0 (Windows NT 10.0; Win64; x64) AppleWebKit/537.36 (KHTML, like Gecko) Chrome/90.0.4430.85 Safari/537.36 Edg/90.0.818.46"
45.58.159.234 - - [25/Apr/2025:13:57:17 +0000] "\x16\x03\x01\x00{\x01\x00\x00w\x03\x03 \xF9\x10\xEC]\x00\xCC\x95_\xA0<Q\x88\xB5\x97\x8Bf\xDB9k~uA\x02?\xF5x\xF11\xBFy\xD3\x00\x00\x1A\xC0/\xC0+\xC0\x11\xC0\x07\xC0\x13\xC0\x09\xC0\x14\xC0" 400 157 "-" "-"
45.58.159.234 - - [25/Apr/2025:13:57:17 +0000] "\x16\x03\x01\x00{\x01\x00\x00w\x03\x03+\xD0\x07\xB7\xB3\xD7\xEF\xD6\xEE\x82\xF9-\xFF N\x9C\xBA\x7FB8H\xC7sS\x0F\x95\x89\x04\x10\x9D\xBC\xA0\x00\x00\x1A\xC0/\xC0+\xC0\x11\xC0\x07\xC0\x13\xC0\x09\xC0\x14\xC0" 400 157 "-" "-"
45.58.159.234 - - [25/Apr/2025:13:57:17 +0000] "GET / HTTP/1.1" 301 169 "-" "Mozilla/5.0 (Windows NT 10.0; Win64; x64) AppleWebKit/537.36 (KHTML, like Gecko) Chrome/108.0.0.0 Safari/537.36"
45.58.159.234 - - [25/Apr/2025:13:57:18 +0000] "GET /form.html HTTP/1.1" 301 169 "-" "curl/8.1.2"
45.58.159.234 - - [25/Apr/2025:13:57:18 +0000] "GET /upl.php HTTP/1.1" 301 169 "-" "Mozilla/5.0"
45.58.159.234 - - [25/Apr/2025:13:57:18 +0000] "GET /t4 HTTP/1.1" 301 169 "-" "Mozilla/5.0"
45.58.159.234 - - [25/Apr/2025:13:57:18 +0000] "GET /geoip/ HTTP/1.1" 301 169 "-" "Mozilla/5.0 (Windows NT 10.0; Win64; x64) AppleWebKit/537.36 (KHTML, like Gecko) Chrome/108.0.0.0 Safari/537.36"
45.58.159.234 - - [25/Apr/2025:13:57:18 +0000] "GET /favicon.ico HTTP/1.1" 301 169 "-" "Mozilla/5.0 (Windows NT 10.0; Win64; x64) AppleWebKit/537.36 (KHTML, like Gecko) Chrome/108.0.0.0 Safari/537.36"
45.58.159.234 - - [25/Apr/2025:13:57:18 +0000] "GET /1.php HTTP/1.1" 301 169 "-" "Mozilla/5.0 (Windows NT 10.0; Win64; x64) AppleWebKit/537.36 (KHTML, like Gecko) Chrome/108.0.0.0 Safari/537.36"
45.58.159.234 - - [25/Apr/2025:13:57:18 +0000] "GET /systembc/password.php HTTP/1.1" 301 169 "-" "Mozilla/5.0 (Windows NT 10.0; Win64; x64) AppleWebKit/537.36 (KHTML, like Gecko) Chrome/108.0.0.0 Safari/537.36"
45.58.159.234 - - [25/Apr/2025:13:57:18 +0000] "GET /password.php HTTP/1.1" 301 169 "-" "Mozilla/5.0 (Windows NT 10.0; Win64; x64) AppleWebKit/537.36 (KHTML, like Gecko) Chrome/108.0.0.0 Safari/537.36"
154.81.156.34 - - [25/Apr/2025:14:09:26 +0000] "GET / HTTP/1.1" 301 169 "-" "Hello World"
20.65.194.143 - - [25/Apr/2025:14:10:29 +0000] "GET /portal/redlion HTTP/1.1" 301 169 "-" "Mozilla/5.0 zgrab/0.x"
185.16.38.107 - - [25/Apr/2025:14:15:10 +0000] "GET / HTTP/1.1" 301 169 "-" "Mozilla/5.0 (Windows NT 10.0; Win64; x64) AppleWebKit/537.36 (KHTML, like Gecko) Chrome/90.0.4430.85 Safari/537.36 Edg/90.0.818.46"
178.211.139.123 - - [25/Apr/2025:14:19:25 +0000] "GET / HTTP/1.1" 301 169 "-" "Mozilla/5.0 (Windows NT 10.0; Win64; x64) AppleWebKit/537.36 (KHTML, like Gecko) Chrome/90.0.4430.85 Safari/537.36 Edg/90.0.818.46"
154.81.156.34 - - [25/Apr/2025:14:19:42 +0000] "GET / HTTP/1.1" 301 169 "-" "Hello World"
185.255.122.19 - - [25/Apr/2025:14:27:43 +0000] "GET / HTTP/1.1" 301 169 "-" "Mozilla/5.0 (Windows NT 10.0; Win64; x64) AppleWebKit/537.36 (KHTML, like Gecko) Chrome/90.0.4430.85 Safari/537.36 Edg/90.0.818.46"
154.81.156.54 - - [25/Apr/2025:14:35:07 +0000] "GET / HTTP/1.1" 301 169 "-" "Mozilla/5.0 (Windows NT 10.0; Win64; x64) AppleWebKit/537.36 (KHTML, like Gecko) Chrome/90.0.4430.85 Safari/537.36 Edg/90.0.818.46"
208.110.70.42 - - [25/Apr/2025:14:43:39 +0000] "GET /restore.php HTTP/1.1" 301 169 "-" "-"
154.81.156.34 - - [25/Apr/2025:14:47:15 +0000] "GET / HTTP/1.1" 301 169 "-" "Hello World"
43.159.148.221 - - [25/Apr/2025:14:56:09 +0000] "GET / HTTP/1.1" 301 169 "-" "Mozilla/5.0 (iPhone; CPU iPhone OS 13_2_3 like Mac OS X) AppleWebKit/605.1.15 (KHTML, like Gecko) Version/13.0.3 Mobile/15E148 Safari/604.1"
185.16.38.107 - - [25/Apr/2025:15:06:37 +0000] "GET / HTTP/1.1" 301 169 "-" "Mozilla/5.0 (Windows NT 10.0; Win64; x64) AppleWebKit/537.36 (KHTML, like Gecko) Chrome/90.0.4430.85 Safari/537.36 Edg/90.0.818.46"
154.81.156.35 - - [25/Apr/2025:15:08:26 +0000] "GET / HTTP/1.1" 301 169 "-" "Mozilla/5.0 (Windows NT 10.0; Win64; x64) AppleWebKit/537.36 (KHTML, like Gecko) Chrome/90.0.4430.85 Safari/537.36 Edg/90.0.818.46"
93.174.93.12 - - [25/Apr/2025:15:09:41 +0000] "\x16\x03\x02\x01o\x01\x00\x01k\x03\x02RH\xC5\x1A#\xF7:N\xDF\xE2\xB4\x82/\xFF\x09T\x9F\xA7\xC4y\xB0h\xC6\x13\x8C\xA4\x1C=\x22\xE1\x1A\x98 \x84\xB4,\x85\xAFn\xE3Y\xBBbhl\xFF(=':\xA9\x82\xD9o\xC8\xA2\xD7\x93\x98\xB4\xEF\x80\xE5\xB9\x90\x00(\xC0" 400 157 "-" "-"
154.81.156.34 - - [25/Apr/2025:15:15:17 +0000] "GET / HTTP/1.1" 301 169 "-" "Hello World"
178.211.139.123 - - [25/Apr/2025:15:16:30 +0000] "GET / HTTP/1.1" 301 169 "-" "Mozilla/5.0 (Windows NT 10.0; Win64; x64) AppleWebKit/537.36 (KHTML, like Gecko) Chrome/90.0.4430.85 Safari/537.36 Edg/90.0.818.46"
154.81.156.54 - - [25/Apr/2025:15:20:08 +0000] "GET / HTTP/1.1" 301 169 "-" "Mozilla/5.0 (Windows NT 10.0; Win64; x64) AppleWebKit/537.36 (KHTML, like Gecko) Chrome/90.0.4430.85 Safari/537.36 Edg/90.0.818.46"
45.156.128.37 - - [25/Apr/2025:15:32:57 +0000] "GET / HTTP/1.1" 301 169 "-" "Mozilla/5.0 (Windows NT 10.0; Win64; x64) AppleWebKit/537.36 (KHTML, like Gecko) Chrome/60.0.3112.113 Safari/537.36"
154.81.156.34 - - [25/Apr/2025:15:43:21 +0000] "GET / HTTP/1.1" 301 169 "-" "Hello World"
185.255.122.19 - - [25/Apr/2025:15:51:33 +0000] "GET / HTTP/1.1" 301 169 "-" "Mozilla/5.0 (Windows NT 10.0; Win64; x64) AppleWebKit/537.36 (KHTML, like Gecko) Chrome/90.0.4430.85 Safari/537.36 Edg/90.0.818.46"
85.142.100.105 - - [25/Apr/2025:15:53:09 +0000] "GET / HTTP/1.0" 301 169 "-" "Mozilla/5.0 (compatible; CyberOKInspect/1.0; +https://www.cyberok.ru/policy.html)"
154.81.156.54 - - [25/Apr/2025:15:53:34 +0000] "GET / HTTP/1.1" 301 169 "-" "Mozilla/5.0 (Windows NT 10.0; Win64; x64) AppleWebKit/537.36 (KHTML, like Gecko) Chrome/90.0.4430.85 Safari/537.36 Edg/90.0.818.46"
185.191.127.222 - - [25/Apr/2025:15:59:24 +0000] "GET / HTTP/1.1" 301 169 "-" "-"
154.81.156.34 - - [25/Apr/2025:16:11:32 +0000] "GET / HTTP/1.1" 301 169 "-" "Hello World"
178.211.139.123 - - [25/Apr/2025:16:13:47 +0000] "GET / HTTP/1.1" 301 169 "-" "Mozilla/5.0 (Windows NT 10.0; Win64; x64) AppleWebKit/537.36 (KHTML, like Gecko) Chrome/90.0.4430.85 Safari/537.36 Edg/90.0.818.46"
220.158.234.47 - - [25/Apr/2025:16:19:08 +0000] "GET / HTTP/1.1" 301 169 "-" "Mozilla/5.0 (Windows NT 10.0; Win64; x64; rv:126.0) Gecko/20100101 Firefox/126.0"
209.38.46.178 - - [25/Apr/2025:16:21:37 +0000] "GET / HTTP/1.1" 301 169 "-" "Mozilla/5.0 (Windows NT 10.0; Win64; x64; rv:109.0) Gecko/20100101 Firefox/118.0"
185.255.122.19 - - [25/Apr/2025:16:21:47 +0000] "GET / HTTP/1.1" 301 169 "-" "Mozilla/5.0 (Windows NT 10.0; Win64; x64) AppleWebKit/537.36 (KHTML, like Gecko) Chrome/90.0.4430.85 Safari/537.36 Edg/90.0.818.46"
154.81.156.54 - - [25/Apr/2025:16:32:31 +0000] "GET / HTTP/1.1" 301 169 "-" "Mozilla/5.0 (Windows NT 10.0; Win64; x64) AppleWebKit/537.36 (KHTML, like Gecko) Chrome/90.0.4430.85 Safari/537.36 Edg/90.0.818.46"
185.218.86.4 - - [25/Apr/2025:16:32:41 +0000] "GET / HTTP/1.1" 301 169 "-" "Mozilla/5.0 (Windows NT 10.0; Win64; x64) AppleWebKit/537.36 (KHTML, like Gecko) Chrome/90.0.4430.85 Safari/537.36 Edg/90.0.818.46"
154.81.156.34 - - [25/Apr/2025:16:39:30 +0000] "GET / HTTP/1.1" 301 169 "-" "Hello World"
43.153.10.83 - - [25/Apr/2025:16:39:57 +0000] "GET /accounts/login/?next=/contact/ HTTP/1.1" 301 169 "-" "Mozilla/5.0 (iPhone; CPU iPhone OS 13_2_3 like Mac OS X) AppleWebKit/605.1.15 (KHTML, like Gecko) Version/13.0.3 Mobile/15E148 Safari/604.1"
185.16.38.107 - - [25/Apr/2025:16:42:42 +0000] "GET / HTTP/1.1" 301 169 "-" "Mozilla/5.0 (Windows NT 10.0; Win64; x64) AppleWebKit/537.36 (KHTML, like Gecko) Chrome/90.0.4430.85 Safari/537.36 Edg/90.0.818.46"
154.81.156.54 - - [25/Apr/2025:16:58:55 +0000] "GET / HTTP/1.1" 301 169 "-" "Mozilla/5.0 (Windows NT 10.0; Win64; x64) AppleWebKit/537.36 (KHTML, like Gecko) Chrome/90.0.4430.85 Safari/537.36 Edg/90.0.818.46"
170.106.35.153 - - [25/Apr/2025:17:07:21 +0000] "GET /accounts/login/?next=/add-prod/ HTTP/1.1" 301 169 "-" "Mozilla/5.0 (iPhone; CPU iPhone OS 13_2_3 like Mac OS X) AppleWebKit/605.1.15 (KHTML, like Gecko) Version/13.0.3 Mobile/15E148 Safari/604.1"
178.211.139.123 - - [25/Apr/2025:17:07:49 +0000] "GET / HTTP/1.1" 301 169 "-" "Mozilla/5.0 (Windows NT 10.0; Win64; x64) AppleWebKit/537.36 (KHTML, like Gecko) Chrome/90.0.4430.85 Safari/537.36 Edg/90.0.818.46"
154.81.156.34 - - [25/Apr/2025:17:08:01 +0000] "GET / HTTP/1.1" 301 169 "-" "Hello World"
185.255.122.19 - - [25/Apr/2025:17:09:33 +0000] "GET / HTTP/1.1" 301 169 "-" "Mozilla/5.0 (Windows NT 10.0; Win64; x64) AppleWebKit/537.36 (KHTML, like Gecko) Chrome/90.0.4430.85 Safari/537.36 Edg/90.0.818.46"
208.110.70.42 - - [25/Apr/2025:17:13:35 +0000] "GET /restore.php HTTP/1.1" 301 169 "-" "-"
43.153.10.83 - - [25/Apr/2025:17:15:22 +0000] "GET /accounts/login/?next=/about/ HTTP/1.1" 301 169 "-" "Mozilla/5.0 (iPhone; CPU iPhone OS 13_2_3 like Mac OS X) AppleWebKit/605.1.15 (KHTML, like Gecko) Version/13.0.3 Mobile/15E148 Safari/604.1"
117.222.119.57 - - [25/Apr/2025:17:15:27 +0000] "GET / HTTP/1.1" 301 169 "-" "Mozilla/5.0 (Macintosh; Intel Mac OS X 10_11_6) AppleWebKit/601.7.7 (KHTML, like Gecko) Version/9.1.2 Safari/601.7.7"
154.81.156.35 - - [25/Apr/2025:17:20:11 +0000] "GET / HTTP/1.1" 301 169 "-" "Mozilla/5.0 (Windows NT 10.0; Win64; x64) AppleWebKit/537.36 (KHTML, like Gecko) Chrome/90.0.4430.85 Safari/537.36 Edg/90.0.818.46"
185.16.38.107 - - [25/Apr/2025:17:34:30 +0000] "GET / HTTP/1.1" 301 169 "-" "Mozilla/5.0 (Windows NT 10.0; Win64; x64) AppleWebKit/537.36 (KHTML, like Gecko) Chrome/90.0.4430.85 Safari/537.36 Edg/90.0.818.46"
154.81.156.34 - - [25/Apr/2025:17:35:09 +0000] "GET / HTTP/1.1" 301 169 "-" "Hello World"
154.81.156.54 - - [25/Apr/2025:17:46:08 +0000] "GET / HTTP/1.1" 301 169 "-" "Mozilla/5.0 (Windows NT 10.0; Win64; x64) AppleWebKit/537.36 (KHTML, like Gecko) Chrome/90.0.4430.85 Safari/537.36 Edg/90.0.818.46"
165.154.11.149 - - [25/Apr/2025:17:50:13 +0000] "\x16\x03\x01\x01\x17\x01\x00\x01\x13\x03\x03\x9Eop1\x94\x9A\xC1\xFF\x18;\xB2\xDA2\xE5\x8A\x8D\x9C\x12\x1C\xAE\x83\x81\x7Fjr\x1C\xCB\xA8n\xC6\x1A* \xDB\x03\xCC\xF8\xAF`'\x99\xC5%\xD3\xC5\x07\xF7\xB1\x04\xEF\xB6\x91\x14\xFF\xD1\xDD\x7Fq\x1A\x19s-I\xA9\xF0\x004\xCC\xA8\xCC\xA9\xC0/\xC00\xC0+\xC0,\xC0\x09\x00\x9E\xCC\xA8\xCC\xAA\x003\x00=\x00\x16\xC0" 400 157 "-" "-"
165.154.11.149 - - [25/Apr/2025:17:50:23 +0000] "GET / HTTP/1.1" 301 169 "-" "Mozilla/5.0 (Macintosh; Intel Mac OS X 10_15_7) AppleWebKit/537.36 (KHTML, like Gecko) Chrome/120.0.0.0 Safari/537.36 Edg/120.0.0.0"
165.154.11.149 - - [25/Apr/2025:17:50:42 +0000] "GET /favicon.ico HTTP/1.1" 301 169 "-" "Mozilla/5.0 (Macintosh; Intel Mac OS X 10_7_0) AppleWebKit/535.11 (KHTML, like Gecko) Chrome/17.0.963.56 Safari/535.11"
165.154.11.149 - - [25/Apr/2025:17:50:43 +0000] "GET /robots.txt HTTP/1.1" 301 169 "-" "Mozilla/5.0 (Macintosh; Intel Mac OS X 10_7_0) AppleWebKit/535.11 (KHTML, like Gecko) Chrome/17.0.963.56 Safari/535.11"
165.154.11.149 - - [25/Apr/2025:17:50:44 +0000] "GET /sitemap.xml HTTP/1.1" 301 169 "-" "Mozilla/5.0 (Macintosh; Intel Mac OS X 10_7_0) AppleWebKit/535.11 (KHTML, like Gecko) Chrome/17.0.963.56 Safari/535.11"
154.81.156.34 - - [25/Apr/2025:18:04:05 +0000] "GET / HTTP/1.1" 301 169 "-" "Hello World"
198.235.24.140 - - [25/Apr/2025:18:05:27 +0000] "GET / HTTP/1.1" 301 169 "-" "-"
178.211.139.123 - - [25/Apr/2025:18:13:11 +0000] "GET / HTTP/1.1" 301 169 "-" "Mozilla/5.0 (Windows NT 10.0; Win64; x64) AppleWebKit/537.36 (KHTML, like Gecko) Chrome/90.0.4430.85 Safari/537.36 Edg/90.0.818.46"
185.91.127.83 - - [25/Apr/2025:18:14:17 +0000] "CONNECT httpbin.org:443 HTTP/1.1" 400 157 "-" "-"
185.91.127.83 - - [25/Apr/2025:18:15:04 +0000] "CONNECT httpbin.org:443 HTTP/1.1" 400 157 "-" "-"
185.16.38.107 - - [25/Apr/2025:18:22:23 +0000] "GET / HTTP/1.1" 301 169 "-" "Mozilla/5.0 (Windows NT 10.0; Win64; x64) AppleWebKit/537.36 (KHTML, like Gecko) Chrome/90.0.4430.85 Safari/537.36 Edg/90.0.818.46"
152.86.90.8 - - [25/Apr/2025:18:25:23 +0000] "CONNECT httpbin.org:443 HTTP/1.1" 400 157 "-" "-"
154.81.156.54 - - [25/Apr/2025:18:29:54 +0000] "GET / HTTP/1.1" 301 169 "-" "Mozilla/5.0 (Windows NT 10.0; Win64; x64) AppleWebKit/537.36 (KHTML, like Gecko) Chrome/90.0.4430.85 Safari/537.36 Edg/90.0.818.46"
154.81.156.34 - - [25/Apr/2025:18:31:23 +0000] "GET / HTTP/1.1" 301 169 "-" "Hello World"
185.255.122.19 - - [25/Apr/2025:18:40:21 +0000] "GET / HTTP/1.1" 301 169 "-" "Mozilla/5.0 (Windows NT 10.0; Win64; x64) AppleWebKit/537.36 (KHTML, like Gecko) Chrome/90.0.4430.85 Safari/537.36 Edg/90.0.818.46"
185.218.86.4 - - [25/Apr/2025:18:48:59 +0000] "GET / HTTP/1.1" 301 169 "-" "Mozilla/5.0 (Windows NT 10.0; Win64; x64) AppleWebKit/537.36 (KHTML, like Gecko) Chrome/90.0.4430.85 Safari/537.36 Edg/90.0.818.46"
154.81.156.34 - - [25/Apr/2025:18:59:14 +0000] "GET / HTTP/1.1" 301 169 "-" "Hello World"
43.130.228.73 - - [25/Apr/2025:19:01:17 +0000] "GET / HTTP/1.1" 301 169 "-" "Mozilla/5.0 (iPhone; CPU iPhone OS 13_2_3 like Mac OS X) AppleWebKit/605.1.15 (KHTML, like Gecko) Version/13.0.3 Mobile/15E148 Safari/604.1"
178.211.139.123 - - [25/Apr/2025:19:06:18 +0000] "GET / HTTP/1.1" 301 169 "-" "Mozilla/5.0 (Windows NT 10.0; Win64; x64) AppleWebKit/537.36 (KHTML, like Gecko) Chrome/90.0.4430.85 Safari/537.36 Edg/90.0.818.46"
5.183.209.244 - - [25/Apr/2025:19:07:13 +0000] "GET / HTTP/1.1" 301 169 "-" "Mozilla/5.0 (Windows NT 10.0; Win64; x64) AppleWebKit/537.36 (KHTML, like Gecko) Chrome/90.0.4430.85 Safari/537.36 Edg/90.0.818.46"
154.81.156.54 - - [25/Apr/2025:19:07:31 +0000] "GET / HTTP/1.1" 301 169 "-" "Mozilla/5.0 (Windows NT 10.0; Win64; x64) AppleWebKit/537.36 (KHTML, like Gecko) Chrome/90.0.4430.85 Safari/537.36 Edg/90.0.818.46"
185.16.38.107 - - [25/Apr/2025:19:12:04 +0000] "GET / HTTP/1.1" 301 169 "-" "Mozilla/5.0 (Windows NT 10.0; Win64; x64) AppleWebKit/537.36 (KHTML, like Gecko) Chrome/90.0.4430.85 Safari/537.36 Edg/90.0.818.46"
43.166.136.24 - - [25/Apr/2025:19:25:47 +0000] "GET / HTTP/1.1" 301 169 "-" "Mozilla/5.0 (iPhone; CPU iPhone OS 13_2_3 like Mac OS X) AppleWebKit/605.1.15 (KHTML, like Gecko) Version/13.0.3 Mobile/15E148 Safari/604.1"
154.81.156.34 - - [25/Apr/2025:19:27:36 +0000] "GET / HTTP/1.1" 301 169 "-" "Hello World"
154.81.156.35 - - [25/Apr/2025:19:32:23 +0000] "GET / HTTP/1.1" 301 169 "-" "Mozilla/5.0 (Windows NT 10.0; Win64; x64) AppleWebKit/537.36 (KHTML, like Gecko) Chrome/90.0.4430.85 Safari/537.36 Edg/90.0.818.46"
154.81.156.54 - - [25/Apr/2025:19:36:46 +0000] "GET / HTTP/1.1" 301 169 "-" "Mozilla/5.0 (Windows NT 10.0; Win64; x64) AppleWebKit/537.36 (KHTML, like Gecko) Chrome/90.0.4430.85 Safari/537.36 Edg/90.0.818.46"
185.255.122.19 - - [25/Apr/2025:19:43:16 +0000] "GET / HTTP/1.1" 301 169 "-" "Mozilla/5.0 (Windows NT 10.0; Win64; x64) AppleWebKit/537.36 (KHTML, like Gecko) Chrome/90.0.4430.85 Safari/537.36 Edg/90.0.818.46"
208.110.70.42 - - [25/Apr/2025:19:44:03 +0000] "GET /restore.php HTTP/1.1" 301 169 "-" "-"
178.211.139.123 - - [25/Apr/2025:19:44:12 +0000] "GET / HTTP/1.1" 301 169 "-" "Mozilla/5.0 (Windows NT 10.0; Win64; x64) AppleWebKit/537.36 (KHTML, like Gecko) Chrome/90.0.4430.85 Safari/537.36 Edg/90.0.818.46"
154.81.156.34 - - [25/Apr/2025:19:55:48 +0000] "GET / HTTP/1.1" 301 169 "-" "Hello World"
185.16.38.107 - - [25/Apr/2025:20:02:15 +0000] "GET / HTTP/1.1" 301 169 "-" "Mozilla/5.0 (Windows NT 10.0; Win64; x64) AppleWebKit/537.36 (KHTML, like Gecko) Chrome/90.0.4430.85 Safari/537.36 Edg/90.0.818.46"
185.255.122.19 - - [25/Apr/2025:20:04:00 +0000] "GET / HTTP/1.1" 301 169 "-" "Mozilla/5.0 (Windows NT 10.0; Win64; x64) AppleWebKit/537.36 (KHTML, like Gecko) Chrome/90.0.4430.85 Safari/537.36 Edg/90.0.818.46"
34.72.176.129 - - [25/Apr/2025:20:05:38 +0000] "GET / HTTP/1.1" 301 169 "-" "Mozilla/5.0 (X11; Linux x86_64) AppleWebKit/537.36 (KHTML, like Gecko) HeadlessChrome/125.0.6422.60 Safari/537.36"
154.81.156.54 - - [25/Apr/2025:20:16:49 +0000] "GET / HTTP/1.1" 301 169 "-" "Mozilla/5.0 (Windows NT 10.0; Win64; x64) AppleWebKit/537.36 (KHTML, like Gecko) Chrome/90.0.4430.85 Safari/537.36 Edg/90.0.818.46"
154.81.156.34 - - [25/Apr/2025:20:23:31 +0000] "GET / HTTP/1.1" 301 169 "-" "Hello World"
154.81.156.7 - - [25/Apr/2025:20:32:17 +0000] "GET / HTTP/1.1" 301 169 "-" "-"
154.81.156.20 - - [25/Apr/2025:20:35:59 +0000] "\x04\x01\x01\xBBh\x156[\x00" 400 157 "-" "-"
154.81.156.20 - - [25/Apr/2025:20:35:59 +0000] "\x05\x01\x00" 400 157 "-" "-"
154.81.156.20 - - [25/Apr/2025:20:35:59 +0000] "CONNECT ifconfig.co:443 HTTP/1.1" 400 157 "-" "-"
154.81.156.20 - - [25/Apr/2025:20:35:59 +0000] "\x16\x03\x01\x00\xE2\x01\x00\x00\xDE\x03\x03}\xF3\xA8~\xCF$+\xF1\xE7\xB2\x8FLS\xABo_/\x9Fn\xA9\x8D\x05\x11Ls$\xBE\xF1K6'\xED \x22\xB2\x88\xC0\xF6W\xA1t\x05\x012%\xA0\xB7\xF5\xE4\x9A\x1D\xB1J\xB0c\xFAk\xAE|\x03\xBF\xAC\xF8h\xB5\x00\x1A\xC0+\xC0/\xC0,\xC00\xCC\xA9\xCC\xA8\xC0\x09\xC0\x13\xC0" 400 157 "-" "-"
178.211.139.123 - - [25/Apr/2025:20:42:34 +0000] "GET / HTTP/1.1" 301 169 "-" "Mozilla/5.0 (Windows NT 10.0; Win64; x64) AppleWebKit/537.36 (KHTML, like Gecko) Chrome/90.0.4430.85 Safari/537.36 Edg/90.0.818.46"
195.211.191.170 - - [25/Apr/2025:20:45:15 +0000] "GET / HTTP/1.1" 301 169 "-" "Mozilla/5.0 (Windows NT 10.0; Win64; x64) AppleWebKit/537.36 (KHTML, like Gecko) Chrome/58.0.3029.110 Safari/537.3"
195.211.191.170 - - [25/Apr/2025:20:45:30 +0000] "GET /phpinfo.php HTTP/1.1" 301 169 "-" "Mozilla/5.0 (Windows NT 10.0; Win64; x64) AppleWebKit/537.36 (KHTML, like Gecko) Chrome/58.0.3029.110 Safari/537.3"
195.211.191.170 - - [25/Apr/2025:20:45:31 +0000] "GET /info.php HTTP/1.1" 301 169 "-" "Mozilla/5.0 (Windows NT 10.0; Win64; x64) AppleWebKit/537.36 (KHTML, like Gecko) Chrome/58.0.3029.110 Safari/537.3"
195.211.191.170 - - [25/Apr/2025:20:45:31 +0000] "GET /phpinfo HTTP/1.1" 301 169 "-" "Mozilla/5.0 (Windows NT 10.0; Win64; x64) AppleWebKit/537.36 (KHTML, like Gecko) Chrome/58.0.3029.110 Safari/537.3"
195.211.191.170 - - [25/Apr/2025:20:45:32 +0000] "GET /php_info.php HTTP/1.1" 301 169 "-" "Mozilla/5.0 (Windows NT 10.0; Win64; x64) AppleWebKit/537.36 (KHTML, like Gecko) Chrome/58.0.3029.110 Safari/537.3"
195.211.191.170 - - [25/Apr/2025:20:45:32 +0000] "GET /test.php HTTP/1.1" 301 169 "-" "Mozilla/5.0 (Windows NT 10.0; Win64; x64) AppleWebKit/537.36 (KHTML, like Gecko) Chrome/58.0.3029.110 Safari/537.3"
195.211.191.170 - - [25/Apr/2025:20:45:33 +0000] "GET /_profiler/phpinfo HTTP/1.1" 301 169 "-" "Mozilla/5.0 (Windows NT 10.0; Win64; x64) AppleWebKit/537.36 (KHTML, like Gecko) Chrome/58.0.3029.110 Safari/537.3"
195.211.191.170 - - [25/Apr/2025:20:45:33 +0000] "GET /.env HTTP/1.1" 301 169 "-" "Mozilla/5.0 (Windows NT 10.0; Win64; x64) AppleWebKit/537.36 (KHTML, like Gecko) Chrome/58.0.3029.110 Safari/537.3"
195.211.191.170 - - [25/Apr/2025:20:45:34 +0000] "GET /config/.env HTTP/1.1" 301 169 "-" "Mozilla/5.0 (Windows NT 10.0; Win64; x64) AppleWebKit/537.36 (KHTML, like Gecko) Chrome/58.0.3029.110 Safari/537.3"
195.211.191.170 - - [25/Apr/2025:20:45:34 +0000] "GET /.env.production HTTP/1.1" 301 169 "-" "Mozilla/5.0 (Windows NT 10.0; Win64; x64) AppleWebKit/537.36 (KHTML, like Gecko) Chrome/58.0.3029.110 Safari/537.3"
195.211.191.170 - - [25/Apr/2025:20:45:35 +0000] "GET /.env.local HTTP/1.1" 301 169 "-" "Mozilla/5.0 (Windows NT 10.0; Win64; x64) AppleWebKit/537.36 (KHTML, like Gecko) Chrome/58.0.3029.110 Safari/537.3"
195.211.191.170 - - [25/Apr/2025:20:45:35 +0000] "GET /api/shared/config/config.env HTTP/1.1" 301 169 "-" "Mozilla/5.0 (Windows NT 10.0; Win64; x64) AppleWebKit/537.36 (KHTML, like Gecko) Chrome/58.0.3029.110 Safari/537.3"
195.211.191.170 - - [25/Apr/2025:20:45:35 +0000] "GET /api/.env HTTP/1.1" 301 169 "-" "Mozilla/5.0 (Windows NT 10.0; Win64; x64) AppleWebKit/537.36 (KHTML, like Gecko) Chrome/58.0.3029.110 Safari/537.3"
195.211.191.170 - - [25/Apr/2025:20:45:36 +0000] "GET / HTTP/1.1" 301 169 "-" "Mozilla/5.0 (Windows NT 10.0; Win64; x64) AppleWebKit/537.36 (KHTML, like Gecko) Chrome/58.0.3029.110 Safari/537.3"
195.211.191.170 - - [25/Apr/2025:20:45:42 +0000] "GET /register/ HTTP/1.1" 301 169 "-" "Mozilla/5.0 (Windows NT 10.0; Win64; x64) AppleWebKit/537.36 (KHTML, like Gecko) Chrome/58.0.3029.110 Safari/537.3"
195.211.191.170 - - [25/Apr/2025:20:45:43 +0000] "GET /contact/ HTTP/1.1" 301 169 "-" "Mozilla/5.0 (Windows NT 10.0; Win64; x64) AppleWebKit/537.36 (KHTML, like Gecko) Chrome/58.0.3029.110 Safari/537.3"
195.211.191.170 - - [25/Apr/2025:20:45:44 +0000] "GET /.AWS_/credentials HTTP/1.1" 301 169 "-" "Mozilla/5.0 (Windows NT 10.0; Win64; x64) AppleWebKit/537.36 (KHTML, like Gecko) Chrome/58.0.3029.110 Safari/537.3"
