141.98.11.83 - - [20/Apr/2025:20:52:21 +0000] "GET / HTTP/1.1" 502 559 "-" "Mozilla/5.0 (Windows NT 10.0; Win64; x64) AppleWebKit/537.36 (KHTML, like Gecko) Chrome/90.0.4430.85 Safari/537.36 Edg/90.0.818.46"
178.211.139.123 - - [20/Apr/2025:20:54:08 +0000] "GET / HTTP/1.1" 502 559 "-" "Mozilla/5.0 (Windows NT 10.0; Win64; x64) AppleWebKit/537.36 (KHTML, like Gecko) Chrome/90.0.4430.85 Safari/537.36 Edg/90.0.818.46"
185.16.38.107 - - [20/Apr/2025:21:35:25 +0000] "GET / HTTP/1.1" 502 559 "-" "Mozilla/5.0 (Windows NT 10.0; Win64; x64) AppleWebKit/537.36 (KHTML, like Gecko) Chrome/90.0.4430.85 Safari/537.36 Edg/90.0.818.46"
160.191.52.81 - - [20/Apr/2025:21:48:59 +0000] "\x04\x01\x01\xBB\xA0\xBF4Q\x00" 400 157 "-" "-"
160.191.52.81 - - [20/Apr/2025:21:48:59 +0000] "\x05\x01\x00" 400 157 "-" "-"
160.191.52.81 - - [20/Apr/2025:21:49:00 +0000] "CONNECT 160.191.52.81:443 HTTP/1.1" 400 157 "-" "-"
178.211.139.123 - - [20/Apr/2025:21:58:24 +0000] "GET / HTTP/1.1" 502 559 "-" "Mozilla/5.0 (Windows NT 10.0; Win64; x64) AppleWebKit/537.36 (KHTML, like Gecko) Chrome/90.0.4430.85 Safari/537.36 Edg/90.0.818.46"
185.16.38.107 - - [20/Apr/2025:22:19:04 +0000] "GET / HTTP/1.1" 502 559 "-" "Mozilla/5.0 (Windows NT 10.0; Win64; x64) AppleWebKit/537.36 (KHTML, like Gecko) Chrome/90.0.4430.85 Safari/537.36 Edg/90.0.818.46"
20.171.28.219 - - [20/Apr/2025:22:50:57 +0000] "GET /manager/html HTTP/1.1" 502 157 "-" "Mozilla/5.0 zgrab/0.x"
178.211.139.123 - - [20/Apr/2025:23:07:01 +0000] "GET / HTTP/1.1" 502 559 "-" "Mozilla/5.0 (Windows NT 10.0; Win64; x64) AppleWebKit/537.36 (KHTML, like Gecko) Chrome/90.0.4430.85 Safari/537.36 Edg/90.0.818.46"
185.16.38.107 - - [20/Apr/2025:23:09:41 +0000] "GET / HTTP/1.1" 502 559 "-" "Mozilla/5.0 (Windows NT 10.0; Win64; x64) AppleWebKit/537.36 (KHTML, like Gecko) Chrome/90.0.4430.85 Safari/537.36 Edg/90.0.818.46"
185.16.38.107 - - [21/Apr/2025:00:00:15 +0000] "GET / HTTP/1.1" 502 559 "-" "Mozilla/5.0 (Windows NT 10.0; Win64; x64) AppleWebKit/537.36 (KHTML, like Gecko) Chrome/90.0.4430.85 Safari/537.36 Edg/90.0.818.46"
178.211.139.123 - - [21/Apr/2025:00:13:53 +0000] "GET / HTTP/1.1" 502 559 "-" "Mozilla/5.0 (Windows NT 10.0; Win64; x64) AppleWebKit/537.36 (KHTML, like Gecko) Chrome/90.0.4430.85 Safari/537.36 Edg/90.0.818.46"
146.190.166.168 - - [21/Apr/2025:00:20:23 +0000] "GET /aaa9 HTTP/1.1" 502 157 "-" "Mozilla/5.0 zgrab/0.x"
146.190.166.168 - - [21/Apr/2025:00:20:23 +0000] "GET /aab8 HTTP/1.1" 502 157 "-" "Mozilla/5.0 zgrab/0.x"
146.190.166.168 - - [21/Apr/2025:00:20:24 +0000] "GET / HTTP/1.1" 502 157 "-" "Mozilla/5.0 zgrab/0.x"
41.76.15.162 - - [21/Apr/2025:00:22:35 +0000] "GET / HTTP/1.1" 400 157 "-" "-"
185.16.38.107 - - [21/Apr/2025:00:47:20 +0000] "GET / HTTP/1.1" 502 559 "-" "Mozilla/5.0 (Windows NT 10.0; Win64; x64) AppleWebKit/537.36 (KHTML, like Gecko) Chrome/90.0.4430.85 Safari/537.36 Edg/90.0.818.46"
178.211.139.123 - - [21/Apr/2025:01:27:21 +0000] "GET / HTTP/1.1" 502 559 "-" "Mozilla/5.0 (Windows NT 10.0; Win64; x64) AppleWebKit/537.36 (KHTML, like Gecko) Chrome/90.0.4430.85 Safari/537.36 Edg/90.0.818.46"
185.16.38.107 - - [21/Apr/2025:01:32:21 +0000] "GET / HTTP/1.1" 502 559 "-" "Mozilla/5.0 (Windows NT 10.0; Win64; x64) AppleWebKit/537.36 (KHTML, like Gecko) Chrome/90.0.4430.85 Safari/537.36 Edg/90.0.818.46"
185.16.38.107 - - [21/Apr/2025:02:23:04 +0000] "GET / HTTP/1.1" 502 559 "-" "Mozilla/5.0 (Windows NT 10.0; Win64; x64) AppleWebKit/537.36 (KHTML, like Gecko) Chrome/90.0.4430.85 Safari/537.36 Edg/90.0.818.46"
178.211.139.123 - - [21/Apr/2025:02:36:38 +0000] "GET / HTTP/1.1" 502 559 "-" "Mozilla/5.0 (Windows NT 10.0; Win64; x64) AppleWebKit/537.36 (KHTML, like Gecko) Chrome/90.0.4430.85 Safari/537.36 Edg/90.0.818.46"
184.105.247.194 - - [21/Apr/2025:03:02:33 +0000] "GET / HTTP/1.1" 502 157 "-" "Mozilla/5.0 (X11; Linux x86_64; rv:124.0) Gecko/20100101 Firefox/124.0"
184.105.247.194 - - [21/Apr/2025:03:02:57 +0000] "GET http://api.ipify.org/?format=json HTTP/1.1" 502 559 "-" "Mozilla/5.0 (X11; Linux x86_64) AppleWebKit/537.36 (KHTML, like Gecko) HeadlessChrome/122.0.6261.94 Safari/537.36"
184.105.247.194 - - [21/Apr/2025:03:03:01 +0000] "CONNECT www.shadowserver.org:443 HTTP/1.1" 400 157 "-" "-"
185.16.38.107 - - [21/Apr/2025:03:12:46 +0000] "GET / HTTP/1.1" 502 559 "-" "Mozilla/5.0 (Windows NT 10.0; Win64; x64) AppleWebKit/537.36 (KHTML, like Gecko) Chrome/90.0.4430.85 Safari/537.36 Edg/90.0.818.46"
185.218.86.4 - - [21/Apr/2025:03:14:16 +0000] "GET / HTTP/1.1" 502 559 "-" "Mozilla/5.0 (Windows NT 10.0; Win64; x64) AppleWebKit/537.36 (KHTML, like Gecko) Chrome/90.0.4430.85 Safari/537.36 Edg/90.0.818.46"
178.211.139.123 - - [21/Apr/2025:03:41:50 +0000] "GET / HTTP/1.1" 502 559 "-" "Mozilla/5.0 (Windows NT 10.0; Win64; x64) AppleWebKit/537.36 (KHTML, like Gecko) Chrome/90.0.4430.85 Safari/537.36 Edg/90.0.818.46"
185.16.38.107 - - [21/Apr/2025:04:03:53 +0000] "GET / HTTP/1.1" 502 559 "-" "Mozilla/5.0 (Windows NT 10.0; Win64; x64) AppleWebKit/537.36 (KHTML, like Gecko) Chrome/90.0.4430.85 Safari/537.36 Edg/90.0.818.46"
185.16.38.107 - - [21/Apr/2025:04:51:34 +0000] "GET / HTTP/1.1" 502 559 "-" "Mozilla/5.0 (Windows NT 10.0; Win64; x64) AppleWebKit/537.36 (KHTML, like Gecko) Chrome/90.0.4430.85 Safari/537.36 Edg/90.0.818.46"
178.211.139.123 - - [21/Apr/2025:04:57:20 +0000] "GET / HTTP/1.1" 502 559 "-" "Mozilla/5.0 (Windows NT 10.0; Win64; x64) AppleWebKit/537.36 (KHTML, like Gecko) Chrome/90.0.4430.85 Safari/537.36 Edg/90.0.818.46"
185.16.38.107 - - [21/Apr/2025:05:37:22 +0000] "GET / HTTP/1.1" 502 559 "-" "Mozilla/5.0 (Windows NT 10.0; Win64; x64) AppleWebKit/537.36 (KHTML, like Gecko) Chrome/90.0.4430.85 Safari/537.36 Edg/90.0.818.46"
178.211.139.123 - - [21/Apr/2025:05:57:12 +0000] "GET / HTTP/1.1" 502 559 "-" "Mozilla/5.0 (Windows NT 10.0; Win64; x64) AppleWebKit/537.36 (KHTML, like Gecko) Chrome/90.0.4430.85 Safari/537.36 Edg/90.0.818.46"
141.98.11.83 - - [21/Apr/2025:06:20:35 +0000] "GET / HTTP/1.1" 502 559 "-" "Mozilla/5.0 (Windows NT 10.0; Win64; x64) AppleWebKit/537.36 (KHTML, like Gecko) Chrome/90.0.4430.85 Safari/537.36 Edg/90.0.818.46"
185.16.38.107 - - [21/Apr/2025:06:26:16 +0000] "GET / HTTP/1.1" 502 559 "-" "Mozilla/5.0 (Windows NT 10.0; Win64; x64) AppleWebKit/537.36 (KHTML, like Gecko) Chrome/90.0.4430.85 Safari/537.36 Edg/90.0.818.46"
185.218.86.4 - - [21/Apr/2025:06:36:59 +0000] "GET / HTTP/1.1" 502 559 "-" "Mozilla/5.0 (Windows NT 10.0; Win64; x64) AppleWebKit/537.36 (KHTML, like Gecko) Chrome/90.0.4430.85 Safari/537.36 Edg/90.0.818.46"
178.211.139.123 - - [21/Apr/2025:07:06:34 +0000] "GET / HTTP/1.1" 502 559 "-" "Mozilla/5.0 (Windows NT 10.0; Win64; x64) AppleWebKit/537.36 (KHTML, like Gecko) Chrome/90.0.4430.85 Safari/537.36 Edg/90.0.818.46"
185.16.38.107 - - [21/Apr/2025:07:14:31 +0000] "GET / HTTP/1.1" 502 559 "-" "Mozilla/5.0 (Windows NT 10.0; Win64; x64) AppleWebKit/537.36 (KHTML, like Gecko) Chrome/90.0.4430.85 Safari/537.36 Edg/90.0.818.46"
72.222.95.23 - - [21/Apr/2025:07:42:42 +0000] "GET / HTTP/1.0" 502 157 "-" "curl/7.88.1"
185.16.38.107 - - [21/Apr/2025:08:06:08 +0000] "GET / HTTP/1.1" 502 559 "-" "Mozilla/5.0 (Windows NT 10.0; Win64; x64) AppleWebKit/537.36 (KHTML, like Gecko) Chrome/90.0.4430.85 Safari/537.36 Edg/90.0.818.46"
156.253.227.126 - - [21/Apr/2025:08:16:31 +0000] "GET login.cgi HTTP/1.1" 400 157 "-" "-"
178.211.139.123 - - [21/Apr/2025:08:25:18 +0000] "GET / HTTP/1.1" 502 559 "-" "Mozilla/5.0 (Windows NT 10.0; Win64; x64) AppleWebKit/537.36 (KHTML, like Gecko) Chrome/90.0.4430.85 Safari/537.36 Edg/90.0.818.46"
185.16.38.107 - - [21/Apr/2025:08:52:53 +0000] "GET / HTTP/1.1" 502 559 "-" "Mozilla/5.0 (Windows NT 10.0; Win64; x64) AppleWebKit/537.36 (KHTML, like Gecko) Chrome/90.0.4430.85 Safari/537.36 Edg/90.0.818.46"
141.98.11.83 - - [21/Apr/2025:08:59:31 +0000] "GET / HTTP/1.1" 502 559 "-" "Mozilla/5.0 (Windows NT 10.0; Win64; x64) AppleWebKit/537.36 (KHTML, like Gecko) Chrome/90.0.4430.85 Safari/537.36 Edg/90.0.818.46"
91.215.88.186 - - [21/Apr/2025:09:10:59 +0000] "\x16\x03\x01\x06\xBD\x01\x00\x06\xB9\x03\x03\x9B-D|\xD8\xD7\xE3'\xCC\xD8|\xBF\xC0\x8E\x8F\x82>\xFB\x92\xFC\x93\xE1\xF7\xC6\x8BFN\xDE\xB6gg5 \xB0\xF3K\xD8\xF1l\x1A\xD7`\xA4\xD2*'\x12\xF3?\xF61\xC2\x0EM\xA9\xED\xF5\xEA\x11\xF0\xFA\x04n\xE8G\x00 jj\x13\x01\x13\x02\x13\x03\xC0+\xC0/\xC0,\xC00\xCC\xA9\xCC\xA8\xC0\x13\xC0\x14\x00\x9C\x00\x9D\x00/\x005\x01\x00\x06Pjj\x00\x00\xFE" 400 157 "-" "-"
91.215.88.186 - - [21/Apr/2025:09:10:59 +0000] "\x16\x03\x01\x06\xDD\x01\x00\x06\xD9\x03\x03\xD6\xD2\x7F\xD8\xB8}\xC8\xD1q:\xC6%\xD3\xD8~\xB7S\xC3\x15\x22\xF1\xD0\x9F/\x18\xD9\x7F\xAD\xABFE; \x9FV\x1B\x84`Z\x97HV\xD5\xA2\xB2\xE5\xC2\xD0\x97\xDEI!e\x9D8T\x7F\xD5h\xB6$\x84o\x90\x11\x00 \x8A\x8A\x13\x01\x13\x02\x13\x03\xC0+\xC0/\xC0,\xC00\xCC\xA9\xCC\xA8\xC0\x13\xC0\x14\x00\x9C\x00\x9D\x00/\x005\x01\x00\x06p\x8A\x8A\x00\x00\x00\x1B\x00\x03\x02\x00\x02\x00-\x00\x02\x01\x01\x00\x0B\x00\x02\x01\x00\x00+\x00\x07\x06\xCA\xCA\x03\x04\x03\x03\x00\x00\x00\x19\x00\x17\x00\x00\x14drive-parts-store.ruD\xCD\x00\x05\x00\x03\x02h2\x00" 400 157 "-" "-"
91.215.88.186 - - [21/Apr/2025:09:11:05 +0000] "GET / HTTP/1.1" 502 559 "-" "Mozilla/5.0 (Windows NT 10.0; Win64; x64) AppleWebKit/537.36 (KHTML, like Gecko) Chrome/135.0.0.0 Safari/537.36 Edg/135.0.0.0"
91.215.88.186 - - [21/Apr/2025:09:39:59 +0000] "\x16\x03\x01\x06\xDD\x01\x00\x06\xD9\x03\x03\xEE\x9A\xE3Ex\xE2v;+\xC0 \xD6\xA4P" 400 157 "-" "-"
91.215.88.186 - - [21/Apr/2025:09:39:59 +0000] "\x16\x03\x01\x07\x1D\x01\x00\x07\x19\x03\x03\x83\xBD\xD2er\xBC\x8A\x09\x86\x047\x8D\xC3e\xFF\x8B\xCD\xDD\x1C\xB4\xE0\x80\xF9f\xA4\xE7s3[\xADmv \x0B\xCB\x1D\x85Z\x1E\x07\xA3\xC8\x04P]\xE3L\x0E\xFEWK\xD6\xFB\xF0i\xDE\xCA\xE2<\xA1}\x87\x8D\xF5\x11\x00 " 400 157 "-" "-"
185.16.38.107 - - [21/Apr/2025:09:43:15 +0000] "GET / HTTP/1.1" 502 559 "-" "Mozilla/5.0 (Windows NT 10.0; Win64; x64) AppleWebKit/537.36 (KHTML, like Gecko) Chrome/90.0.4430.85 Safari/537.36 Edg/90.0.818.46"
23.178.112.103 - - [21/Apr/2025:12:51:29 +0000] "GET /.well-known/acme-challenge/JYaMikaPICp08buTr7k16nGDJ7BMXv8Qy327Z6FECQQ HTTP/1.1" 200 87 "-" "Mozilla/5.0 (compatible; Let's Encrypt validation server; +https://www.letsencrypt.org)"
56.228.31.25 - - [21/Apr/2025:12:51:29 +0000] "GET /.well-known/acme-challenge/JYaMikaPICp08buTr7k16nGDJ7BMXv8Qy327Z6FECQQ HTTP/1.1" 200 87 "-" "Mozilla/5.0 (compatible; Let's Encrypt validation server; +https://www.letsencrypt.org)"
54.202.128.192 - - [21/Apr/2025:12:51:29 +0000] "GET /.well-known/acme-challenge/JYaMikaPICp08buTr7k16nGDJ7BMXv8Qy327Z6FECQQ HTTP/1.1" 200 87 "-" "Mozilla/5.0 (compatible; Let's Encrypt validation server; +https://www.letsencrypt.org)"
18.222.39.174 - - [21/Apr/2025:12:51:30 +0000] "GET /.well-known/acme-challenge/JYaMikaPICp08buTr7k16nGDJ7BMXv8Qy327Z6FECQQ HTTP/1.1" 200 87 "-" "Mozilla/5.0 (compatible; Let's Encrypt validation server; +https://www.letsencrypt.org)"
18.142.251.29 - - [21/Apr/2025:12:51:30 +0000] "GET /.well-known/acme-challenge/JYaMikaPICp08buTr7k16nGDJ7BMXv8Qy327Z6FECQQ HTTP/1.1" 200 87 "-" "Mozilla/5.0 (compatible; Let's Encrypt validation server; +https://www.letsencrypt.org)"
91.215.88.186 - - [21/Apr/2025:12:51:47 +0000] "GET /contact/ HTTP/1.1" 200 5723 "-" "Mozilla/5.0 (Windows NT 10.0; Win64; x64) AppleWebKit/537.36 (KHTML, like Gecko) Chrome/135.0.0.0 Safari/537.36 Edg/135.0.0.0"
91.215.88.186 - - [21/Apr/2025:12:51:47 +0000] "GET /static/goods/css/style.css HTTP/1.1" 200 36 "http://drive-parts-store.ru/contact/" "Mozilla/5.0 (Windows NT 10.0; Win64; x64) AppleWebKit/537.36 (KHTML, like Gecko) Chrome/135.0.0.0 Safari/537.36 Edg/135.0.0.0"
91.215.88.186 - - [21/Apr/2025:12:51:47 +0000] "GET /captcha/image/491b0ea85590cc32a35b4a29514f9ac8764a0a76/ HTTP/1.1" 200 3386 "http://drive-parts-store.ru/contact/" "Mozilla/5.0 (Windows NT 10.0; Win64; x64) AppleWebKit/537.36 (KHTML, like Gecko) Chrome/135.0.0.0 Safari/537.36 Edg/135.0.0.0"
205.169.39.152 - - [21/Apr/2025:12:53:52 +0000] "GET / HTTP/1.1" 200 4794 "-" "Mozilla/5.0 (Windows NT 6.1; Win64; x64) AppleWebKit/537.36 (KHTML, like Gecko) Chrome/83.0.4103.61 Safari/537.36"
205.169.39.152 - - [21/Apr/2025:12:54:05 +0000] "GET / HTTP/1.1" 200 4794 "-" "Mozilla/5.0 (Windows NT 10.0; Win64; x64) AppleWebKit/537.36 (KHTML, like Gecko) Chrome/79.0.3945.79 Safari/537.36"
205.169.39.152 - - [21/Apr/2025:12:54:05 +0000] "GET /static/goods/css/style.css HTTP/1.1" 200 36 "http://drive-parts-store.ru/" "Mozilla/5.0 (Windows NT 10.0; Win64; x64) AppleWebKit/537.36 (KHTML, like Gecko) Chrome/79.0.3945.79 Safari/537.36"
62.113.113.43 - - [21/Apr/2025:12:55:00 +0000] "GET / HTTP/1.1" 200 4794 "-" "Mozilla/5.0 (iPhone; CPU OS 7_1 like Mac OS X) AppleWebKit/537.51.1 (KHTML, like Gecko) CriOS/33.0.1750.15 Mobile/11D167 Safari/9537.53"
51.15.9.50 - - [21/Apr/2025:12:55:08 +0000] "GET / HTTP/1.1" 200 4794 "-" "Mozilla/5.0 (compatible; SeoLyt/1.0; +https://seolyt.com)"
104.197.69.115 - - [21/Apr/2025:12:56:50 +0000] "GET / HTTP/1.1" 200 4794 "-" "Mozilla/5.0 (X11; Linux x86_64) AppleWebKit/537.36 (KHTML, like Gecko) HeadlessChrome/125.0.6422.60 Safari/537.36"
104.197.69.115 - - [21/Apr/2025:12:56:51 +0000] "GET /static/goods/css/style.css HTTP/1.1" 200 36 "http://drive-parts-store.ru/" "Mozilla/5.0 (X11; Linux x86_64) AppleWebKit/537.36 (KHTML, like Gecko) HeadlessChrome/125.0.6422.60 Safari/537.36"
154.81.156.54 - - [21/Apr/2025:13:06:17 +0000] "GET / HTTP/1.1" 400 154 "-" "Mozilla/5.0 (Windows NT 10.0; Win64; x64) AppleWebKit/537.36 (KHTML, like Gecko) Chrome/90.0.4430.85 Safari/537.36 Edg/90.0.818.46"
170.106.180.153 - - [21/Apr/2025:13:06:55 +0000] "GET / HTTP/1.1" 400 154 "-" "Mozilla/5.0 (iPhone; CPU iPhone OS 13_2_3 like Mac OS X) AppleWebKit/605.1.15 (KHTML, like Gecko) Version/13.0.3 Mobile/15E148 Safari/604.1"
154.81.156.34 - - [21/Apr/2025:13:09:58 +0000] "GET / HTTP/1.1" 400 154 "-" "Hello World"
5.183.209.244 - - [21/Apr/2025:13:14:47 +0000] "GET / HTTP/1.1" 400 154 "-" "-"
196.251.87.34 - - [21/Apr/2025:13:18:03 +0000] "GET /.env HTTP/1.1" 400 154 "-" "Mozilla/5.0 (Linux; Android 7.0; i1) AppleWebKit/537.36 (KHTML, like Gecko) Chrome/74.0.3729.157 Mobile Safari/537.36"
141.98.11.83 - - [21/Apr/2025:13:19:09 +0000] "GET / HTTP/1.1" 400 154 "-" "Mozilla/5.0 (Windows NT 10.0; Win64; x64) AppleWebKit/537.36 (KHTML, like Gecko) Chrome/90.0.4430.85 Safari/537.36 Edg/90.0.818.46"
185.16.38.107 - - [21/Apr/2025:13:26:43 +0000] "GET / HTTP/1.1" 400 154 "-" "Mozilla/5.0 (Windows NT 10.0; Win64; x64) AppleWebKit/537.36 (KHTML, like Gecko) Chrome/90.0.4430.85 Safari/537.36 Edg/90.0.818.46"
95.214.53.106 - - [21/Apr/2025:13:29:51 +0000] "GET / HTTP/1.1" 400 154 "-" "Hello World"
154.81.156.54 - - [21/Apr/2025:13:32:33 +0000] "GET / HTTP/1.1" 400 154 "-" "Mozilla/5.0 (Windows NT 10.0; Win64; x64) AppleWebKit/537.36 (KHTML, like Gecko) Chrome/90.0.4430.85 Safari/537.36 Edg/90.0.818.46"
178.211.139.123 - - [21/Apr/2025:13:36:44 +0000] "GET / HTTP/1.1" 400 154 "-" "Mozilla/5.0 (Windows NT 10.0; Win64; x64) AppleWebKit/537.36 (KHTML, like Gecko) Chrome/90.0.4430.85 Safari/537.36 Edg/90.0.818.46"
198.244.164.27 - - [21/Apr/2025:13:48:11 +0000] "GET / HTTP/1.1" 200 4794 "-" "Mozilla/5.0 (Windows NT 10.0; Win64; x64) AppleWebKit/537.36 (KHTML, like Gecko) Chrome/64.0.3282.140 Safari/537.36 Edge/17.17134"
198.244.164.27 - - [21/Apr/2025:13:48:12 +0000] "GET / HTTP/1.1" 200 4794 "-" "Mozilla/5.0 (Windows NT 10.0; Win64; x64) AppleWebKit/537.36 (KHTML, like Gecko) Chrome/91.0.4472.124 Safari/537.36 Edge/91.0.864.48"
62.113.113.43 - - [21/Apr/2025:13:55:22 +0000] "GET / HTTP/1.1" 200 4794 "-" "Mozilla/5.0 (iPad; CPU OS 6_0_1 like Mac OS X) AppleWebKit/536.26 (KHTML, like Gecko) Mobile/10A523"
62.113.113.43 - - [21/Apr/2025:13:55:42 +0000] "GET /static/goods/css/style.css HTTP/1.1" 200 36 "-" "Mozilla/5.0(Linux;Tizen2.3;SAMSUNGSM-Z130H)AppleWebKit/537.3(KHTML,likeGecko)SamsungBrowser/1.0MobileSafari/537.3"
154.81.156.54 - - [21/Apr/2025:13:56:17 +0000] "GET / HTTP/1.1" 400 154 "-" "Mozilla/5.0 (Windows NT 10.0; Win64; x64) AppleWebKit/537.36 (KHTML, like Gecko) Chrome/90.0.4430.85 Safari/537.36 Edg/90.0.818.46"
172.71.184.204 - - [21/Apr/2025:14:00:18 +0000] "GET /wp-admin/setup-config.php HTTP/1.1" 404 179 "-" "Mozilla/5.0 (Windows NT 10.0; Win64; x64) AppleWebKit/537.36 (KHTML, like Gecko) Chrome/135.0.0.0 Safari/537.36"
162.158.103.224 - - [21/Apr/2025:14:01:02 +0000] "GET /wordpress/wp-admin/setup-config.php HTTP/1.1" 404 179 "-" "Mozilla/5.0 (Windows NT 10.0; Win64; x64) AppleWebKit/537.36 (KHTML, like Gecko) Chrome/135.0.0.0 Safari/537.36"
154.81.156.34 - - [21/Apr/2025:14:03:36 +0000] "GET / HTTP/1.1" 400 154 "-" "Hello World"
154.81.156.54 - - [21/Apr/2025:14:08:33 +0000] "GET / HTTP/1.1" 400 154 "-" "Mozilla/5.0 (Windows NT 10.0; Win64; x64) AppleWebKit/537.36 (KHTML, like Gecko) Chrome/90.0.4430.85 Safari/537.36 Edg/90.0.818.46"
185.16.38.107 - - [21/Apr/2025:14:15:20 +0000] "GET / HTTP/1.1" 400 154 "-" "Mozilla/5.0 (Windows NT 10.0; Win64; x64) AppleWebKit/537.36 (KHTML, like Gecko) Chrome/90.0.4430.85 Safari/537.36 Edg/90.0.818.46"
95.214.53.106 - - [21/Apr/2025:14:20:18 +0000] "GET / HTTP/1.1" 400 154 "-" "Hello World"
176.53.222.109 - - [21/Apr/2025:14:37:48 +0000] "GET / HTTP/1.1" 200 4794 "-" "Mozilla/5.0 (Windows NT 10.0; Win64; x64) AppleWebKit/537.36 (KHTML, like Gecko) Chrome/94.0.4606.61 Safari/537.36"
154.81.156.54 - - [21/Apr/2025:14:41:46 +0000] "GET / HTTP/1.1" 400 154 "-" "Mozilla/5.0 (Windows NT 10.0; Win64; x64) AppleWebKit/537.36 (KHTML, like Gecko) Chrome/90.0.4430.85 Safari/537.36 Edg/90.0.818.46"
178.211.139.123 - - [21/Apr/2025:14:44:19 +0000] "GET / HTTP/1.1" 400 154 "-" "Mozilla/5.0 (Windows NT 10.0; Win64; x64) AppleWebKit/537.36 (KHTML, like Gecko) Chrome/90.0.4430.85 Safari/537.36 Edg/90.0.818.46"
194.38.23.16 - - [21/Apr/2025:14:55:49 +0000] "GET /sites/all/libraries/elfinder/src/connectors/php/connector.php HTTP/1.1" 502 157 "-" "ALittle Client"
154.81.156.34 - - [21/Apr/2025:14:56:48 +0000] "GET / HTTP/1.1" 502 157 "-" "Hello World"
185.16.38.107 - - [21/Apr/2025:15:04:13 +0000] "GET / HTTP/1.1" 502 559 "-" "Mozilla/5.0 (Windows NT 10.0; Win64; x64) AppleWebKit/537.36 (KHTML, like Gecko) Chrome/90.0.4430.85 Safari/537.36 Edg/90.0.818.46"
154.81.156.54 - - [22/Apr/2025:12:54:17 +0000] "GET / HTTP/1.1" 400 154 "-" "Mozilla/5.0 (Windows NT 10.0; Win64; x64) AppleWebKit/537.36 (KHTML, like Gecko) Chrome/90.0.4430.85 Safari/537.36 Edg/90.0.818.46"
185.218.86.4 - - [22/Apr/2025:12:55:49 +0000] "GET / HTTP/1.1" 400 154 "-" "Mozilla/5.0 (Windows NT 10.0; Win64; x64) AppleWebKit/537.36 (KHTML, like Gecko) Chrome/90.0.4430.85 Safari/537.36 Edg/90.0.818.46"
95.214.53.106 - - [22/Apr/2025:12:59:46 +0000] "GET / HTTP/1.1" 400 154 "-" "Hello World"
62.113.113.43 - - [22/Apr/2025:12:59:52 +0000] "GET / HTTP/1.1" 500 145 "-" "Mozilla/5.0 (iPad; CPU OS 7_0_2 like Mac OS X) AppleWebKit/537.51.1 (KHTML, like Gecko) Version/7.0 Mobile/11A501 Safari/9537.53"
154.81.156.34 - - [22/Apr/2025:13:00:41 +0000] "GET / HTTP/1.1" 400 154 "-" "Hello World"
178.211.139.123 - - [22/Apr/2025:13:03:30 +0000] "GET / HTTP/1.1" 400 154 "-" "Mozilla/5.0 (Windows NT 10.0; Win64; x64) AppleWebKit/537.36 (KHTML, like Gecko) Chrome/90.0.4430.85 Safari/537.36 Edg/90.0.818.46"
162.142.125.112 - - [22/Apr/2025:13:05:26 +0000] "GET / HTTP/1.1" 400 154 "-" "Mozilla/5.0 (compatible; CensysInspect/1.1; +https://about.censys.io/)"
162.142.125.112 - - [22/Apr/2025:13:05:28 +0000] "PRI * HTTP/2.0" 400 157 "-" "-"
162.142.125.112 - - [22/Apr/2025:13:05:37 +0000] "\x16\x03\x01\x00\xF7\x01\x00\x00\xF3\x03\x03%\x97\xED\xE9x\xA3Q@\x92\xF4\x8D\xB8f\xC4*y\xBCZ\xF9a}8\x14)C\xD3B\x89\xAC\xE0fi \xE7C\xB2\xA35\xAB\xBC\x1C\x02\xDE\x00\x171@\x1D?0\xE5u\xE2:\x18m\x94\xBB\x17k\xF6\xA9dY\xD6\x00&\xCC\xA8\xCC\xA9\xC0/\xC00\xC0+\xC0,\xC0\x13\xC0\x09\xC0\x14\xC0" 400 157 "-" "-"
193.142.146.19 - - [22/Apr/2025:13:08:50 +0000] "GET / HTTP/1.1" 400 154 "-" "Mozilla/5.0 (Windows NT 10.0; Win64; x64) AppleWebKit/537.36 (KHTML, like Gecko) Chrome/90.0.4430.85 Safari/537.36 Edg/90.0.818.46"
154.81.156.34 - - [22/Apr/2025:13:24:15 +0000] "GET / HTTP/1.1" 400 154 "-" "Hello World"
80.82.70.133 - - [22/Apr/2025:13:28:16 +0000] "GET / HTTP/1.0" 400 143 "-" "Mozilla/5.0 (compatible; Konqueror/4.4; Linux 2.6.32-22-generic; X11; en_US) KHTML/4.4.3 (like Gecko) Kubuntu"
154.81.156.54 - - [22/Apr/2025:13:32:22 +0000] "GET / HTTP/1.1" 400 154 "-" "Mozilla/5.0 (Windows NT 10.0; Win64; x64) AppleWebKit/537.36 (KHTML, like Gecko) Chrome/90.0.4430.85 Safari/537.36 Edg/90.0.818.46"
185.16.38.107 - - [22/Apr/2025:13:38:56 +0000] "GET / HTTP/1.1" 400 154 "-" "Mozilla/5.0 (Windows NT 10.0; Win64; x64) AppleWebKit/537.36 (KHTML, like Gecko) Chrome/90.0.4430.85 Safari/537.36 Edg/90.0.818.46"
101.201.45.148 - - [22/Apr/2025:13:45:24 +0000] "GET / HTTP/1.1" 499 0 "-" "Mozilla/5.0 (iPhone; CPU iPhone OS 17_5_1 like Mac OS X) AppleWebKit/605.1.15 (KHTML, like Gecko) Version/17.4.1 Mobile/15E148 Safari/604.1"
154.81.156.34 - - [22/Apr/2025:13:47:43 +0000] "GET / HTTP/1.1" 400 154 "-" "Hello World"
77.90.153.156 - - [22/Apr/2025:13:49:14 +0000] "HEAD / HTTP/1.1" 400 0 "-" "Mozilla/5.0 (Macintosh; Intel Mac OS X 10_15_7) AppleWebKit/537.36 (KHTML, like Gecko) Chrome/124.0.0.0 Safari/537.36"
95.214.53.106 - - [22/Apr/2025:13:50:07 +0000] "GET / HTTP/1.1" 400 154 "-" "Hello World"
92.255.57.58 - - [22/Apr/2025:14:07:23 +0000] "GET /?XDEBUG_SESSION_START=phpstorm HTTP/1.1" 400 154 "-" "Mozilla/5.0 (Windows NT 10.0; Win64; x64) AppleWebKit/537.36 (KHTML, like Gecko) Chrome/78.0.3904.108 Safari/537.36"
178.211.139.123 - - [22/Apr/2025:14:09:19 +0000] "GET / HTTP/1.1" 400 154 "-" "Mozilla/5.0 (Windows NT 10.0; Win64; x64) AppleWebKit/537.36 (KHTML, like Gecko) Chrome/90.0.4430.85 Safari/537.36 Edg/90.0.818.46"
154.81.156.34 - - [22/Apr/2025:14:10:57 +0000] "GET / HTTP/1.1" 400 154 "-" "Hello World"
122.97.214.129 - - [22/Apr/2025:14:11:21 +0000] "GET /boaform/admin/formLogin?username=admin&psd=admin HTTP/1.0" 400 143 "-" "-"
111.27.4.19 - - [22/Apr/2025:14:11:54 +0000] "\x03\x00\x00\x13\x0E\xE0\x00\x00\x00\x00\x00\x01\x00\x08\x00\x03\x00\x00\x00" 400 157 "-" "-"
154.81.156.54 - - [22/Apr/2025:14:14:06 +0000] "GET / HTTP/1.1" 400 154 "-" "Mozilla/5.0 (Windows NT 10.0; Win64; x64) AppleWebKit/537.36 (KHTML, like Gecko) Chrome/90.0.4430.85 Safari/537.36 Edg/90.0.818.46"
185.255.122.19 - - [22/Apr/2025:14:18:00 +0000] "GET / HTTP/1.1" 400 154 "-" "Mozilla/5.0 (Windows NT 10.0; Win64; x64) AppleWebKit/537.36 (KHTML, like Gecko) Chrome/90.0.4430.85 Safari/537.36 Edg/90.0.818.46"
185.16.38.107 - - [22/Apr/2025:14:24:18 +0000] "GET / HTTP/1.1" 400 154 "-" "Mozilla/5.0 (Windows NT 10.0; Win64; x64) AppleWebKit/537.36 (KHTML, like Gecko) Chrome/90.0.4430.85 Safari/537.36 Edg/90.0.818.46"
154.81.156.34 - - [22/Apr/2025:14:34:28 +0000] "GET / HTTP/1.1" 400 154 "-" "Hello World"
91.215.88.186 - - [22/Apr/2025:14:36:36 +0000] "GET /contact HTTP/1.1" 502 559 "-" "Mozilla/5.0 (Windows NT 10.0; Win64; x64) AppleWebKit/537.36 (KHTML, like Gecko) Chrome/135.0.0.0 Safari/537.36 Edg/135.0.0.0"
91.215.88.186 - - [22/Apr/2025:14:36:40 +0000] "GET /contact HTTP/1.1" 502 559 "-" "Mozilla/5.0 (Windows NT 10.0; Win64; x64) AppleWebKit/537.36 (KHTML, like Gecko) Chrome/135.0.0.0 Safari/537.36 Edg/135.0.0.0"
178.211.139.123 - - [23/Apr/2025:08:54:34 +0000] "GET / HTTP/1.1" 301 169 "-" "Mozilla/5.0 (Windows NT 10.0; Win64; x64) AppleWebKit/537.36 (KHTML, like Gecko) Chrome/90.0.4430.85 Safari/537.36 Edg/90.0.818.46"
184.105.139.68 - - [23/Apr/2025:08:54:51 +0000] "GET / HTTP/1.1" 301 169 "-" "Mozilla/5.0 (Windows NT 10.0; Win64; x64) AppleWebKit/537.36 (KHTML, like Gecko) Chrome/108.0.0.0 Safari/537.36 OPR/94.0.0.0"
184.105.139.68 - - [23/Apr/2025:08:56:35 +0000] "GET /webui/ HTTP/1.1" 301 169 "-" "Mozilla/5.0 (Windows NT 10.0; Win64; x64) AppleWebKit/537.36 (KHTML, like Gecko) Chrome/108.0.0.0 Safari/537.36 OPR/94.0.0.0"
184.105.139.68 - - [23/Apr/2025:08:56:58 +0000] "GET / HTTP/1.1" 301 169 "-" "Mozilla/5.0 (Windows NT 10.0; Win64; x64) AppleWebKit/537.36 (KHTML, like Gecko) Chrome/108.0.0.0 Safari/537.36 OPR/94.0.0.0"
184.105.139.68 - - [23/Apr/2025:08:57:43 +0000] "GET /favicon.ico HTTP/1.1" 301 169 "-" "Mozilla/5.0 (Windows NT 10.0; Win64; x64; rv:109.0) Gecko/20100101 Firefox/112.0"
185.12.124.78 - - [23/Apr/2025:08:57:54 +0000] "GET / HTTP/1.1" 301 169 "DRIVE-PARTS-STORE.RU" "Mozilla/5.0 (compatible; BackupLand/1.0; https://go.backupland.com/; Domain check for viruses;)"
184.105.139.68 - - [23/Apr/2025:08:58:20 +0000] "GET /geoserver/web/ HTTP/1.1" 301 169 "-" "Mozilla/5.0 (Windows NT 10.0; Win64; x64) AppleWebKit/537.36 (KHTML, like Gecko) Chrome/108.0.0.0 Safari/537.36 OPR/94.0.0.0"
185.16.38.107 - - [23/Apr/2025:09:02:22 +0000] "GET / HTTP/1.1" 301 169 "-" "Mozilla/5.0 (Windows NT 10.0; Win64; x64) AppleWebKit/537.36 (KHTML, like Gecko) Chrome/90.0.4430.85 Safari/537.36 Edg/90.0.818.46"
154.81.156.54 - - [23/Apr/2025:09:06:52 +0000] "GET / HTTP/1.1" 301 169 "-" "Mozilla/5.0 (Windows NT 10.0; Win64; x64) AppleWebKit/537.36 (KHTML, like Gecko) Chrome/90.0.4430.85 Safari/537.36 Edg/90.0.818.46"
185.255.122.19 - - [23/Apr/2025:09:10:02 +0000] "GET / HTTP/1.1" 301 169 "-" "Mozilla/5.0 (Windows NT 10.0; Win64; x64) AppleWebKit/537.36 (KHTML, like Gecko) Chrome/90.0.4430.85 Safari/537.36 Edg/90.0.818.46"
18.219.35.0 - - [23/Apr/2025:09:34:18 +0000] "GET / HTTP/1.1" 301 169 "-" "Mozilla/5.0 (Macintosh; Intel Mac OS X 10_15_7) Chrome/126.0.0.0 Safari/537.36"
18.219.35.0 - - [23/Apr/2025:09:34:25 +0000] "GET / HTTP/1.1" 301 169 "-" "Mozilla/5.0 (Macintosh; Intel Mac OS X 10_15_7) Chrome/126.0.0.0 Safari/537.36"
95.214.53.106 - - [23/Apr/2025:09:38:36 +0000] "GET / HTTP/1.1" 301 169 "-" "Hello World"
178.64.250.248 - - [23/Apr/2025:09:38:53 +0000] "GET / HTTP/1.1" 301 169 "https://google.com" "Mozilla/5.0 (Windows NT 10.0; Win64; x64) AppleWebKit/537.36 (KHTML, like Gecko) Chrome/113.0.5672.127 Safari/537.36"
185.16.38.107 - - [23/Apr/2025:09:52:37 +0000] "GET / HTTP/1.1" 301 169 "-" "Mozilla/5.0 (Windows NT 10.0; Win64; x64) AppleWebKit/537.36 (KHTML, like Gecko) Chrome/90.0.4430.85 Safari/537.36 Edg/90.0.818.46"
154.81.156.54 - - [23/Apr/2025:09:53:05 +0000] "GET / HTTP/1.1" 301 169 "-" "Mozilla/5.0 (Windows NT 10.0; Win64; x64) AppleWebKit/537.36 (KHTML, like Gecko) Chrome/90.0.4430.85 Safari/537.36 Edg/90.0.818.46"
178.211.139.123 - - [23/Apr/2025:09:57:54 +0000] "GET / HTTP/1.1" 301 169 "-" "Mozilla/5.0 (Windows NT 10.0; Win64; x64) AppleWebKit/537.36 (KHTML, like Gecko) Chrome/90.0.4430.85 Safari/537.36 Edg/90.0.818.46"
185.218.86.4 - - [23/Apr/2025:09:59:08 +0000] "GET / HTTP/1.1" 301 169 "-" "Mozilla/5.0 (Windows NT 10.0; Win64; x64) AppleWebKit/537.36 (KHTML, like Gecko) Chrome/90.0.4430.85 Safari/537.36 Edg/90.0.818.46"
80.82.77.202 - - [23/Apr/2025:10:08:13 +0000] "GET / HTTP/1.0" 301 169 "-" "Mozilla/5.0 (OS/2; Warp 4.5; rv:24.0) Gecko/20100101 Firefox/24.0 SeaMonkey/2.21"
43.159.143.187 - - [23/Apr/2025:10:14:11 +0000] "GET / HTTP/1.1" 301 169 "-" "Mozilla/5.0 (iPhone; CPU iPhone OS 13_2_3 like Mac OS X) AppleWebKit/605.1.15 (KHTML, like Gecko) Version/13.0.3 Mobile/15E148 Safari/604.1"
154.81.156.54 - - [23/Apr/2025:10:21:39 +0000] "GET / HTTP/1.1" 301 169 "-" "Mozilla/5.0 (Windows NT 10.0; Win64; x64) AppleWebKit/537.36 (KHTML, like Gecko) Chrome/90.0.4430.85 Safari/537.36 Edg/90.0.818.46"
95.214.53.106 - - [23/Apr/2025:10:28:11 +0000] "GET / HTTP/1.1" 301 169 "-" "Hello World"
80.75.212.115 - - [23/Apr/2025:10:33:32 +0000] "CONNECT api.ip.pn:443 HTTP/1.1" 400 157 "-" "-"
80.75.212.115 - - [23/Apr/2025:10:33:32 +0000] "\x05\x01\x00" 400 157 "-" "-"
87.251.78.46 - - [23/Apr/2025:10:33:46 +0000] "GET / HTTP/1.1" 301 169 "-" "Mozilla/5.0 (X11; Linux x86_64; rv:83.0) Gecko/20100101 Firefox/83.0"
5.183.209.244 - - [23/Apr/2025:10:39:28 +0000] "GET / HTTP/1.1" 301 169 "-" "-"
185.16.38.107 - - [23/Apr/2025:10:46:26 +0000] "GET / HTTP/1.1" 301 169 "-" "Mozilla/5.0 (Windows NT 10.0; Win64; x64) AppleWebKit/537.36 (KHTML, like Gecko) Chrome/90.0.4430.85 Safari/537.36 Edg/90.0.818.46"
185.255.122.19 - - [23/Apr/2025:11:02:43 +0000] "GET / HTTP/1.1" 301 169 "-" "Mozilla/5.0 (Windows NT 10.0; Win64; x64) AppleWebKit/537.36 (KHTML, like Gecko) Chrome/90.0.4430.85 Safari/537.36 Edg/90.0.818.46"
178.211.139.123 - - [23/Apr/2025:11:05:47 +0000] "GET / HTTP/1.1" 301 169 "-" "Mozilla/5.0 (Windows NT 10.0; Win64; x64) AppleWebKit/537.36 (KHTML, like Gecko) Chrome/90.0.4430.85 Safari/537.36 Edg/90.0.818.46"
154.81.156.54 - - [23/Apr/2025:11:09:33 +0000] "GET / HTTP/1.1" 301 169 "-" "Mozilla/5.0 (Windows NT 10.0; Win64; x64) AppleWebKit/537.36 (KHTML, like Gecko) Chrome/90.0.4430.85 Safari/537.36 Edg/90.0.818.46"
185.255.122.19 - - [23/Apr/2025:11:12:00 +0000] "GET / HTTP/1.1" 301 169 "-" "Mozilla/5.0 (Windows NT 10.0; Win64; x64) AppleWebKit/537.36 (KHTML, like Gecko) Chrome/90.0.4430.85 Safari/537.36 Edg/90.0.818.46"
167.94.145.109 - - [23/Apr/2025:11:16:14 +0000] "GET / HTTP/1.1" 301 169 "-" "Mozilla/5.0 (compatible; CensysInspect/1.1; +https://about.censys.io/)"
167.94.145.109 - - [23/Apr/2025:11:16:14 +0000] "PRI * HTTP/2.0" 400 157 "-" "-"
167.94.145.109 - - [23/Apr/2025:11:16:33 +0000] "\x16\x03\x01\x00\xF7\x01\x00\x00\xF3\x03\x03b\xD6\xCA\xAA4(\x8E}\xBC\xD5\xC5*\xA5\x1F\xA4|\xD3\x05G\x07\xA5\x1E\xCB\x9E<\xD3\xD0\x82\xB2\xC9\x7F\xF7 \xEF$\xDEU\xA1y_{\x8F\xD5\xB5\x968\xE9\xDBE\x9B=b\xF4\x95\x81\xE7#M\xAA\x03G\x00q45\x00&\xCC\xA8\xCC\xA9\xC0/\xC00\xC0+\xC0,\xC0\x13\xC0\x09\xC0\x14\xC0" 400 157 "-" "-"
95.214.53.106 - - [23/Apr/2025:11:19:09 +0000] "GET / HTTP/1.1" 301 169 "-" "Hello World"
85.234.38.83 - - [23/Apr/2025:11:26:33 +0000] "POST /cgi-bin/.%2e/.%2e/.%2e/.%2e/.%2e/.%2e/.%2e/.%2e/.%2e/.%2e/bin/sh HTTP/1.1" 400 157 "-" "-"
85.234.38.83 - - [23/Apr/2025:11:26:33 +0000] "POST /cgi-bin/%%32%65%%32%65/%%32%65%%32%65/%%32%65%%32%65/%%32%65%%32%65/%%32%65%%32%65/%%32%65%%32%65/%%32%65%%32%65/bin/sh HTTP/1.1" 400 157 "-" "-"
85.234.38.83 - - [23/Apr/2025:11:26:33 +0000] "POST /hello.world?%ADd+allow_url_include%3d1+%ADd+auto_prepend_file%3dphp://input HTTP/1.1" 301 169 "-" "Custom-AsyncHttpClient"
185.16.38.107 - - [23/Apr/2025:11:30:11 +0000] "GET / HTTP/1.1" 301 169 "-" "Mozilla/5.0 (Windows NT 10.0; Win64; x64) AppleWebKit/537.36 (KHTML, like Gecko) Chrome/90.0.4430.85 Safari/537.36 Edg/90.0.818.46"
198.235.24.28 - - [23/Apr/2025:11:41:15 +0000] "GET / HTTP/1.1" 301 169 "-" "Expanse, a Palo Alto Networks company, searches across the global IPv4 space multiple times per day to identify customers&#39; presences on the Internet. If you would like to be excluded from our scans, please send IP addresses/domains to: scaninfo@paloaltonetworks.com"
154.81.156.54 - - [23/Apr/2025:11:41:51 +0000] "GET / HTTP/1.1" 301 169 "-" "Mozilla/5.0 (Windows NT 10.0; Win64; x64) AppleWebKit/537.36 (KHTML, like Gecko) Chrome/90.0.4430.85 Safari/537.36 Edg/90.0.818.46"
80.82.77.202 - - [23/Apr/2025:11:46:43 +0000] "\x16\x03\x02\x01o\x01\x00\x01k\x03\x02RH\xC5\x1A#\xF7:N\xDF\xE2\xB4\x82/\xFF\x09T\x9F\xA7\xC4y\xB0h\xC6\x13\x8C\xA4\x1C=\x22\xE1\x1A\x98 \x84\xB4,\x85\xAFn\xE3Y\xBBbhl\xFF(=':\xA9\x82\xD9o\xC8\xA2\xD7\x93\x98\xB4\xEF\x80\xE5\xB9\x90\x00(\xC0" 400 157 "-" "-"
178.211.139.123 - - [23/Apr/2025:12:04:28 +0000] "GET / HTTP/1.1" 301 169 "-" "Mozilla/5.0 (Windows NT 10.0; Win64; x64) AppleWebKit/537.36 (KHTML, like Gecko) Chrome/90.0.4430.85 Safari/537.36 Edg/90.0.818.46"
95.214.53.106 - - [23/Apr/2025:12:09:12 +0000] "GET / HTTP/1.1" 301 169 "-" "Hello World"
208.110.70.42 - - [23/Apr/2025:12:10:21 +0000] "GET /restore.php HTTP/1.1" 301 169 "-" "-"
64.226.77.150 - - [23/Apr/2025:12:10:59 +0000] "GET /.env HTTP/1.1" 301 169 "-" "Mozilla/5.0; Keydrop.io/1.0(onlyscans.com/about);"
64.226.77.150 - - [23/Apr/2025:12:10:59 +0000] "GET /.git/config HTTP/1.1" 301 169 "-" "Mozilla/5.0; Keydrop.io/1.0(onlyscans.com/about);"
185.16.38.107 - - [23/Apr/2025:12:20:29 +0000] "GET / HTTP/1.1" 301 169 "-" "Mozilla/5.0 (Windows NT 10.0; Win64; x64) AppleWebKit/537.36 (KHTML, like Gecko) Chrome/90.0.4430.85 Safari/537.36 Edg/90.0.818.46"
154.81.156.54 - - [23/Apr/2025:12:25:19 +0000] "GET / HTTP/1.1" 301 169 "-" "Mozilla/5.0 (Windows NT 10.0; Win64; x64) AppleWebKit/537.36 (KHTML, like Gecko) Chrome/90.0.4430.85 Safari/537.36 Edg/90.0.818.46"
43.157.170.126 - - [23/Apr/2025:12:34:35 +0000] "GET / HTTP/1.1" 301 169 "-" "Mozilla/5.0 (iPhone; CPU iPhone OS 13_2_3 like Mac OS X) AppleWebKit/605.1.15 (KHTML, like Gecko) Version/13.0.3 Mobile/15E148 Safari/604.1"
185.255.122.19 - - [23/Apr/2025:12:41:48 +0000] "GET / HTTP/1.1" 301 169 "-" "Mozilla/5.0 (Windows NT 10.0; Win64; x64) AppleWebKit/537.36 (KHTML, like Gecko) Chrome/90.0.4430.85 Safari/537.36 Edg/90.0.818.46"
154.81.156.54 - - [23/Apr/2025:12:45:42 +0000] "GET / HTTP/1.1" 301 169 "-" "Mozilla/5.0 (Windows NT 10.0; Win64; x64) AppleWebKit/537.36 (KHTML, like Gecko) Chrome/90.0.4430.85 Safari/537.36 Edg/90.0.818.46"
62.113.113.43 - - [23/Apr/2025:12:57:06 +0000] "GET / HTTP/1.1" 301 169 "-" "Mozilla/5.0 (iPhone; CPU iPhone OS 8_1_1 like Mac OS X) AppleWebKit/600.1.4 (KHTML, like Gecko) Version/8.0 Mobile/12B435 Safari/600.1.4"
95.214.53.106 - - [23/Apr/2025:12:59:10 +0000] "GET / HTTP/1.1" 301 169 "-" "Hello World"
178.211.139.123 - - [23/Apr/2025:13:05:35 +0000] "GET / HTTP/1.1" 301 169 "-" "Mozilla/5.0 (Windows NT 10.0; Win64; x64) AppleWebKit/537.36 (KHTML, like Gecko) Chrome/90.0.4430.85 Safari/537.36 Edg/90.0.818.46"
185.16.38.107 - - [23/Apr/2025:13:13:34 +0000] "GET / HTTP/1.1" 301 169 "-" "Mozilla/5.0 (Windows NT 10.0; Win64; x64) AppleWebKit/537.36 (KHTML, like Gecko) Chrome/90.0.4430.85 Safari/537.36 Edg/90.0.818.46"
80.75.212.115 - - [23/Apr/2025:13:23:24 +0000] "\x05\x01\x00" 400 157 "-" "-"
80.75.212.115 - - [23/Apr/2025:13:23:24 +0000] "CONNECT api.ip.pn:443 HTTP/1.1" 400 157 "-" "-"
154.81.156.54 - - [23/Apr/2025:13:31:09 +0000] "GET / HTTP/1.1" 301 169 "-" "Mozilla/5.0 (Windows NT 10.0; Win64; x64) AppleWebKit/537.36 (KHTML, like Gecko) Chrome/90.0.4430.85 Safari/537.36 Edg/90.0.818.46"
185.218.86.4 - - [23/Apr/2025:13:39:58 +0000] "GET / HTTP/1.1" 301 169 "-" "Mozilla/5.0 (Windows NT 10.0; Win64; x64) AppleWebKit/537.36 (KHTML, like Gecko) Chrome/90.0.4430.85 Safari/537.36 Edg/90.0.818.46"
81.39.123.116 - - [23/Apr/2025:13:45:13 +0000] "GET / HTTP/1.1" 301 169 "-" "Hello-World/1.0"
81.39.123.116 - - [23/Apr/2025:13:45:13 +0000] "\x00\x00\x00\x00\x00\x00\x00\x00\x00\x00\x00\x00\x00\x00\x00\x00\x00\x00\x00\x00\x00\x00\x00\x00\x00\x00\x00\x00\x00\x00\x00\x00\x00\x00\x00\x00\x00\x00\x00\x00\x00\x00\x00\x00\x00\x00\x00\x00\x00\x00\x00\x00\x00\x00\x00\x00\x00\x00\x00\x00\x00\x00\x00\x00\x00\x00\x00\x00\x00\x00\x00\x00\x00\x00\x00\x00\x00\x00\x00\x00\x00\x00\x00\x00\x00\x00\x00\x00\x00\x00\x00\x00\x00\x00\x00\x00\x00\x00\x00\x00\x00\x00\x00\x00\x00\x00\x00\x00\x00\x00\x00\x00\x00\x00\x00\x00\x00\x00\x00\x00\x00\x00\x00\x00\x00\x00\x00\x00\x00\x00\x00\x00\x00\x00\x00\x00\x00\x00\x00\x00\x00\x00\x00\x00\x00\x00\x00\x00\x00\x00\x00\x00\x00\x00\x00\x00\x00\x00\x00\x00\x00\x00\x00\x00" 400 157 "-" "-"
95.214.53.106 - - [23/Apr/2025:13:50:23 +0000] "GET / HTTP/1.1" 301 169 "-" "Hello World"
185.16.38.107 - - [23/Apr/2025:13:57:23 +0000] "GET / HTTP/1.1" 301 169 "-" "Mozilla/5.0 (Windows NT 10.0; Win64; x64) AppleWebKit/537.36 (KHTML, like Gecko) Chrome/90.0.4430.85 Safari/537.36 Edg/90.0.818.46"
185.255.122.19 - - [23/Apr/2025:14:03:38 +0000] "GET / HTTP/1.1" 301 169 "-" "Mozilla/5.0 (Windows NT 10.0; Win64; x64) AppleWebKit/537.36 (KHTML, like Gecko) Chrome/90.0.4430.85 Safari/537.36 Edg/90.0.818.46"
178.211.139.123 - - [23/Apr/2025:14:06:02 +0000] "GET / HTTP/1.1" 301 169 "-" "Mozilla/5.0 (Windows NT 10.0; Win64; x64) AppleWebKit/537.36 (KHTML, like Gecko) Chrome/90.0.4430.85 Safari/537.36 Edg/90.0.818.46"
35.195.81.190 - - [23/Apr/2025:14:09:27 +0000] "GET / HTTP/1.1" 301 169 "-" "python-requests/2.32.3"
154.81.156.54 - - [23/Apr/2025:14:13:08 +0000] "GET / HTTP/1.1" 301 169 "-" "Mozilla/5.0 (Windows NT 10.0; Win64; x64) AppleWebKit/537.36 (KHTML, like Gecko) Chrome/90.0.4430.85 Safari/537.36 Edg/90.0.818.46"
103.125.189.155 - - [23/Apr/2025:14:21:38 +0000] "GET /.env HTTP/1.1" 301 169 "-" "Mozilla/5.0 (X11; Linux x86_64) AppleWebKit/537.36 (KHTML, like Gecko) Chrome/81.0.4044.129 Safari/537.36"
80.75.212.115 - - [23/Apr/2025:14:33:39 +0000] "CONNECT api.ip.pn:443 HTTP/1.1" 400 157 "-" "-"
80.75.212.115 - - [23/Apr/2025:14:33:39 +0000] "\x05\x01\x00" 400 157 "-" "-"
185.255.122.19 - - [23/Apr/2025:14:34:59 +0000] "GET / HTTP/1.1" 301 169 "-" "Mozilla/5.0 (Windows NT 10.0; Win64; x64) AppleWebKit/537.36 (KHTML, like Gecko) Chrome/90.0.4430.85 Safari/537.36 Edg/90.0.818.46"
208.110.70.42 - - [23/Apr/2025:14:39:25 +0000] "GET /restore.php HTTP/1.1" 301 169 "-" "-"
95.214.53.106 - - [23/Apr/2025:14:40:46 +0000] "GET / HTTP/1.1" 301 169 "-" "Hello World"
185.16.38.107 - - [23/Apr/2025:14:49:10 +0000] "GET / HTTP/1.1" 301 169 "-" "Mozilla/5.0 (Windows NT 10.0; Win64; x64) AppleWebKit/537.36 (KHTML, like Gecko) Chrome/90.0.4430.85 Safari/537.36 Edg/90.0.818.46"
154.81.156.54 - - [23/Apr/2025:14:58:15 +0000] "GET / HTTP/1.1" 301 169 "-" "Mozilla/5.0 (Windows NT 10.0; Win64; x64) AppleWebKit/537.36 (KHTML, like Gecko) Chrome/90.0.4430.85 Safari/537.36 Edg/90.0.818.46"
5.183.209.244 - - [23/Apr/2025:15:02:30 +0000] "GET / HTTP/1.1" 301 169 "-" "-"
178.211.139.123 - - [23/Apr/2025:15:10:20 +0000] "GET / HTTP/1.1" 301 169 "-" "Mozilla/5.0 (Windows NT 10.0; Win64; x64) AppleWebKit/537.36 (KHTML, like Gecko) Chrome/90.0.4430.85 Safari/537.36 Edg/90.0.818.46"
185.255.122.19 - - [23/Apr/2025:15:27:10 +0000] "GET / HTTP/1.1" 301 169 "-" "Mozilla/5.0 (Windows NT 10.0; Win64; x64) AppleWebKit/537.36 (KHTML, like Gecko) Chrome/90.0.4430.85 Safari/537.36 Edg/90.0.818.46"
154.81.156.54 - - [23/Apr/2025:15:27:23 +0000] "GET / HTTP/1.1" 301 169 "-" "Mozilla/5.0 (Windows NT 10.0; Win64; x64) AppleWebKit/537.36 (KHTML, like Gecko) Chrome/90.0.4430.85 Safari/537.36 Edg/90.0.818.46"
95.214.53.106 - - [23/Apr/2025:15:30:24 +0000] "GET / HTTP/1.1" 301 169 "-" "Hello World"
87.236.176.162 - - [23/Apr/2025:15:30:27 +0000] "GET / HTTP/1.1" 301 169 "-" "Mozilla/5.0 (compatible; InternetMeasurement/1.0; +https://internet-measurement.com/)"
185.16.38.107 - - [23/Apr/2025:15:31:11 +0000] "GET / HTTP/1.1" 301 169 "-" "Mozilla/5.0 (Windows NT 10.0; Win64; x64) AppleWebKit/537.36 (KHTML, like Gecko) Chrome/90.0.4430.85 Safari/537.36 Edg/90.0.818.46"
186.223.154.23 - - [23/Apr/2025:15:44:17 +0000] "GET / HTTP/1.1" 400 157 "-" "-"
154.81.156.54 - - [23/Apr/2025:16:00:29 +0000] "GET / HTTP/1.1" 301 169 "-" "Mozilla/5.0 (Windows NT 10.0; Win64; x64) AppleWebKit/537.36 (KHTML, like Gecko) Chrome/90.0.4430.85 Safari/537.36 Edg/90.0.818.46"
104.191.17.156 - - [23/Apr/2025:16:10:50 +0000] "GET / HTTP/1.0" 301 169 "-" "curl/7.88.1"
178.211.139.123 - - [23/Apr/2025:16:19:31 +0000] "GET / HTTP/1.1" 301 169 "-" "Mozilla/5.0 (Windows NT 10.0; Win64; x64) AppleWebKit/537.36 (KHTML, like Gecko) Chrome/90.0.4430.85 Safari/537.36 Edg/90.0.818.46"
93.174.93.12 - - [23/Apr/2025:16:20:58 +0000] "\x16\x03\x02\x01o\x01\x00\x01k\x03\x02RH\xC5\x1A#\xF7:N\xDF\xE2\xB4\x82/\xFF\x09T\x9F\xA7\xC4y\xB0h\xC6\x13\x8C\xA4\x1C=\x22\xE1\x1A\x98 \x84\xB4,\x85\xAFn\xE3Y\xBBbhl\xFF(=':\xA9\x82\xD9o\xC8\xA2\xD7\x93\x98\xB4\xEF\x80\xE5\xB9\x90\x00(\xC0" 400 157 "-" "-"
95.214.53.106 - - [23/Apr/2025:16:21:13 +0000] "GET / HTTP/1.1" 301 169 "-" "Hello World"
162.243.72.246 - - [23/Apr/2025:16:27:33 +0000] "\x16\x03\x01\x00{\x01\x00\x00w\x03\x03\xD8\xA9\xBD\xD0 \xE36\x9D\xBB\x1DS8\xB8n\x10u`\x18\xFE\x88\xA9$\xDF\x03\xD0d\xAF\x05m\xB3\xB2\x5C\x00\x00\x1A\xC0/\xC0+\xC0\x11\xC0\x07\xC0\x13\xC0\x09\xC0\x14\xC0" 400 157 "-" "-"
162.243.72.246 - - [23/Apr/2025:16:27:33 +0000] "\x16\x03\x01\x00{\x01\x00\x00w\x03\x03\xC0\xED\xC4\xAFT\xB6\xBA&\x8A\xC6\xA6\xA2\xDE" 400 157 "-" "-"
162.243.72.246 - - [23/Apr/2025:16:27:34 +0000] "GET / HTTP/1.1" 301 169 "-" "Mozilla/5.0 (Windows NT 10.0; Win64; x64) AppleWebKit/537.36 (KHTML, like Gecko) Chrome/108.0.0.0 Safari/537.36"
162.243.72.246 - - [23/Apr/2025:16:27:34 +0000] "GET /form.html HTTP/1.1" 301 169 "-" "curl/8.1.2"
162.243.72.246 - - [23/Apr/2025:16:27:35 +0000] "GET /upl.php HTTP/1.1" 301 169 "-" "Mozilla/5.0"
162.243.72.246 - - [23/Apr/2025:16:27:35 +0000] "GET /t4 HTTP/1.1" 301 169 "-" "Mozilla/5.0"
162.243.72.246 - - [23/Apr/2025:16:27:35 +0000] "GET /geoip/ HTTP/1.1" 301 169 "-" "Mozilla/5.0 (Windows NT 10.0; Win64; x64) AppleWebKit/537.36 (KHTML, like Gecko) Chrome/108.0.0.0 Safari/537.36"
162.243.72.246 - - [23/Apr/2025:16:27:36 +0000] "GET /favicon.ico HTTP/1.1" 301 169 "-" "Mozilla/5.0 (Windows NT 10.0; Win64; x64) AppleWebKit/537.36 (KHTML, like Gecko) Chrome/108.0.0.0 Safari/537.36"
162.243.72.246 - - [23/Apr/2025:16:27:36 +0000] "GET /1.php HTTP/1.1" 301 169 "-" "Mozilla/5.0 (Windows NT 10.0; Win64; x64) AppleWebKit/537.36 (KHTML, like Gecko) Chrome/108.0.0.0 Safari/537.36"
162.243.72.246 - - [23/Apr/2025:16:27:36 +0000] "GET /systembc/password.php HTTP/1.1" 301 169 "-" "Mozilla/5.0 (Windows NT 10.0; Win64; x64) AppleWebKit/537.36 (KHTML, like Gecko) Chrome/108.0.0.0 Safari/537.36"
162.243.72.246 - - [23/Apr/2025:16:27:36 +0000] "GET /password.php HTTP/1.1" 301 169 "-" "Mozilla/5.0 (Windows NT 10.0; Win64; x64) AppleWebKit/537.36 (KHTML, like Gecko) Chrome/108.0.0.0 Safari/537.36"
43.135.182.43 - - [23/Apr/2025:16:30:09 +0000] "GET / HTTP/1.1" 301 169 "-" "Mozilla/5.0 (iPhone; CPU iPhone OS 13_2_3 like Mac OS X) AppleWebKit/605.1.15 (KHTML, like Gecko) Version/13.0.3 Mobile/15E148 Safari/604.1"
185.218.86.4 - - [23/Apr/2025:16:36:15 +0000] "GET / HTTP/1.1" 301 169 "-" "Mozilla/5.0 (Windows NT 10.0; Win64; x64) AppleWebKit/537.36 (KHTML, like Gecko) Chrome/90.0.4430.85 Safari/537.36 Edg/90.0.818.46"
154.81.156.54 - - [23/Apr/2025:16:39:15 +0000] "GET / HTTP/1.1" 301 169 "-" "Mozilla/5.0 (Windows NT 10.0; Win64; x64) AppleWebKit/537.36 (KHTML, like Gecko) Chrome/90.0.4430.85 Safari/537.36 Edg/90.0.818.46"
185.255.122.19 - - [23/Apr/2025:16:56:26 +0000] "GET / HTTP/1.1" 301 169 "-" "Mozilla/5.0 (Windows NT 10.0; Win64; x64) AppleWebKit/537.36 (KHTML, like Gecko) Chrome/90.0.4430.85 Safari/537.36 Edg/90.0.818.46"
208.110.70.42 - - [23/Apr/2025:17:08:37 +0000] "GET /restore.php HTTP/1.1" 301 169 "-" "-"
185.16.38.107 - - [23/Apr/2025:17:09:56 +0000] "GET / HTTP/1.1" 301 169 "-" "Mozilla/5.0 (Windows NT 10.0; Win64; x64) AppleWebKit/537.36 (KHTML, like Gecko) Chrome/90.0.4430.85 Safari/537.36 Edg/90.0.818.46"
95.214.53.106 - - [23/Apr/2025:17:11:19 +0000] "GET / HTTP/1.1" 301 169 "-" "Hello World"
154.81.156.54 - - [23/Apr/2025:17:11:33 +0000] "GET / HTTP/1.1" 301 169 "-" "Mozilla/5.0 (Windows NT 10.0; Win64; x64) AppleWebKit/537.36 (KHTML, like Gecko) Chrome/90.0.4430.85 Safari/537.36 Edg/90.0.818.46"
107.175.187.114 - - [23/Apr/2025:17:15:43 +0000] "GET / HTTP/1.1" 301 169 "-" "Mozilla/5.0 (Windows NT 10.0; Win64; x64) AppleWebKit/537.36 (KHTML, like Gecko) Chrome/125.0.0.0 Safari/537.36"
107.175.187.114 - - [23/Apr/2025:17:15:43 +0000] "GET /favicon.ico HTTP/1.1" 301 169 "-" "Go-http-client/1.1"
107.175.187.114 - - [23/Apr/2025:17:15:43 +0000] "GET /robots.txt HTTP/1.1" 301 169 "-" "Go-http-client/1.1"
2.57.122.161 - - [23/Apr/2025:17:17:23 +0000] "GET /3/3/3/3/3/3/3/3/3/3/3/3/3/3/3/3 HTTP/1.1" 301 169 "-" "Mozilla/5.0 zgrab/0.x"
178.211.139.123 - - [23/Apr/2025:17:19:18 +0000] "GET / HTTP/1.1" 301 169 "-" "Mozilla/5.0 (Windows NT 10.0; Win64; x64) AppleWebKit/537.36 (KHTML, like Gecko) Chrome/90.0.4430.85 Safari/537.36 Edg/90.0.818.46"
85.142.100.138 - - [23/Apr/2025:17:24:22 +0000] "GET / HTTP/1.1" 301 169 "-" "Mozilla/5.0 (compatible; CyberOKInspect/1.0; +https://www.cyberok.ru/policy.html)"
85.142.100.138 - - [23/Apr/2025:17:29:46 +0000] "GET / HTTP/1.1" 301 169 "-" "Mozilla/5.0 (compatible; CyberOKInspect/1.0; +https://www.cyberok.ru/policy.html)"
185.255.122.19 - - [23/Apr/2025:17:32:39 +0000] "GET / HTTP/1.1" 301 169 "-" "Mozilla/5.0 (Windows NT 10.0; Win64; x64) AppleWebKit/537.36 (KHTML, like Gecko) Chrome/90.0.4430.85 Safari/537.36 Edg/90.0.818.46"
80.82.77.202 - - [23/Apr/2025:17:34:10 +0000] "GET / HTTP/1.0" 301 169 "-" "Googlebot/2.1 ( http://www.googlebot.com/bot.html)"
80.75.212.115 - - [23/Apr/2025:17:46:35 +0000] "\x05\x01\x00" 400 157 "-" "-"
80.75.212.115 - - [23/Apr/2025:17:46:35 +0000] "CONNECT api.ip.pn:443 HTTP/1.1" 400 157 "-" "-"
154.81.156.54 - - [23/Apr/2025:17:47:16 +0000] "GET / HTTP/1.1" 301 169 "-" "Mozilla/5.0 (Windows NT 10.0; Win64; x64) AppleWebKit/537.36 (KHTML, like Gecko) Chrome/90.0.4430.85 Safari/537.36 Edg/90.0.818.46"
45.156.128.47 - - [23/Apr/2025:17:48:44 +0000] "GET / HTTP/1.1" 301 169 "-" "Mozilla/5.0 (Windows NT 10.0; Win64; x64) AppleWebKit/537.36 (KHTML, like Gecko) Chrome/60.0.3112.113 Safari/537.36"
35.195.46.0 - - [23/Apr/2025:17:50:09 +0000] "POST /cgi-bin/.%2e/.%2e/.%2e/.%2e/.%2e/.%2e/.%2e/.%2e/.%2e/.%2e/bin/sh HTTP/1.1" 400 157 "-" "-"
35.195.46.0 - - [23/Apr/2025:17:50:09 +0000] "POST /cgi-bin/%%32%65%%32%65/%%32%65%%32%65/%%32%65%%32%65/%%32%65%%32%65/%%32%65%%32%65/%%32%65%%32%65/%%32%65%%32%65/bin/sh HTTP/1.1" 400 157 "-" "-"
35.195.46.0 - - [23/Apr/2025:17:50:10 +0000] "POST /hello.world?%ADd+allow_url_include%3d1+%ADd+auto_prepend_file%3dphp://input HTTP/1.1" 301 169 "-" "Custom-AsyncHttpClient"
185.16.38.107 - - [23/Apr/2025:17:56:52 +0000] "GET / HTTP/1.1" 301 169 "-" "Mozilla/5.0 (Windows NT 10.0; Win64; x64) AppleWebKit/537.36 (KHTML, like Gecko) Chrome/90.0.4430.85 Safari/537.36 Edg/90.0.818.46"
95.214.53.106 - - [23/Apr/2025:18:01:46 +0000] "GET / HTTP/1.1" 301 169 "-" "Hello World"
178.211.139.123 - - [23/Apr/2025:18:24:46 +0000] "GET / HTTP/1.1" 301 169 "-" "Mozilla/5.0 (Windows NT 10.0; Win64; x64) AppleWebKit/537.36 (KHTML, like Gecko) Chrome/90.0.4430.85 Safari/537.36 Edg/90.0.818.46"
154.81.156.54 - - [23/Apr/2025:18:30:07 +0000] "GET / HTTP/1.1" 301 169 "-" "Mozilla/5.0 (Windows NT 10.0; Win64; x64) AppleWebKit/537.36 (KHTML, like Gecko) Chrome/90.0.4430.85 Safari/537.36 Edg/90.0.818.46"
45.90.61.169 - - [23/Apr/2025:18:37:13 +0000] "GET / HTTP/1.1" 301 169 "-" "Mozilla/5.0 (Windows NT 10.0; Win64; x64) AppleWebKit/537.36 (KHTML, like Gecko) Chrome/94.0.4606.61 Safari/537.36"
45.90.62.124 - - [23/Apr/2025:18:37:15 +0000] "GET /favicon.ico HTTP/1.1" 301 169 "-" "Mozilla/5.0 (Windows NT 10.0; Win64; x64) AppleWebKit/537.36 (KHTML, like Gecko) Chrome/94.0.4606.61 Safari/537.36"
185.255.122.19 - - [23/Apr/2025:18:42:18 +0000] "GET / HTTP/1.1" 301 169 "-" "Mozilla/5.0 (Windows NT 10.0; Win64; x64) AppleWebKit/537.36 (KHTML, like Gecko) Chrome/90.0.4430.85 Safari/537.36 Edg/90.0.818.46"
185.16.38.107 - - [23/Apr/2025:18:47:45 +0000] "GET / HTTP/1.1" 301 169 "-" "Mozilla/5.0 (Windows NT 10.0; Win64; x64) AppleWebKit/537.36 (KHTML, like Gecko) Chrome/90.0.4430.85 Safari/537.36 Edg/90.0.818.46"
95.214.53.106 - - [23/Apr/2025:18:51:48 +0000] "GET / HTTP/1.1" 301 169 "-" "Hello World"
43.135.144.126 - - [23/Apr/2025:19:02:19 +0000] "GET / HTTP/1.1" 301 169 "-" "Mozilla/5.0 (iPhone; CPU iPhone OS 13_2_3 like Mac OS X) AppleWebKit/605.1.15 (KHTML, like Gecko) Version/13.0.3 Mobile/15E148 Safari/604.1"
154.81.156.54 - - [23/Apr/2025:19:18:47 +0000] "GET / HTTP/1.1" 301 169 "-" "Mozilla/5.0 (Windows NT 10.0; Win64; x64) AppleWebKit/537.36 (KHTML, like Gecko) Chrome/90.0.4430.85 Safari/537.36 Edg/90.0.818.46"
5.183.209.244 - - [23/Apr/2025:19:19:37 +0000] "GET / HTTP/1.1" 301 169 "-" "-"
85.90.246.159 - - [23/Apr/2025:19:22:51 +0000] "POST /all HTTP/1.1" 301 169 "-" "Mozilla/5.0 zgrab/0.x"
178.211.139.123 - - [23/Apr/2025:19:25:45 +0000] "GET / HTTP/1.1" 301 169 "-" "Mozilla/5.0 (Windows NT 10.0; Win64; x64) AppleWebKit/537.36 (KHTML, like Gecko) Chrome/90.0.4430.85 Safari/537.36 Edg/90.0.818.46"
208.110.70.42 - - [23/Apr/2025:19:38:36 +0000] "GET /restore.php HTTP/1.1" 301 169 "-" "-"
95.214.53.106 - - [23/Apr/2025:19:41:52 +0000] "GET / HTTP/1.1" 301 169 "-" "Hello World"
185.16.38.107 - - [23/Apr/2025:19:42:59 +0000] "GET / HTTP/1.1" 301 169 "-" "Mozilla/5.0 (Windows NT 10.0; Win64; x64) AppleWebKit/537.36 (KHTML, like Gecko) Chrome/90.0.4430.85 Safari/537.36 Edg/90.0.818.46"
154.81.156.54 - - [23/Apr/2025:19:47:40 +0000] "GET / HTTP/1.1" 301 169 "-" "Mozilla/5.0 (Windows NT 10.0; Win64; x64) AppleWebKit/537.36 (KHTML, like Gecko) Chrome/90.0.4430.85 Safari/537.36 Edg/90.0.818.46"
185.255.122.19 - - [23/Apr/2025:19:51:15 +0000] "GET / HTTP/1.1" 301 169 "-" "Mozilla/5.0 (Windows NT 10.0; Win64; x64) AppleWebKit/537.36 (KHTML, like Gecko) Chrome/90.0.4430.85 Safari/537.36 Edg/90.0.818.46"
154.81.156.34 - - [23/Apr/2025:19:53:46 +0000] "GET / HTTP/1.1" 301 169 "-" "Mozilla/5.0 (Windows NT 10.0; Win64; x64) AppleWebKit/537.36 (KHTML, like Gecko) Chrome/90.0.4430.85 Safari/537.36 Edg/90.0.818.46"
34.72.176.129 - - [23/Apr/2025:19:57:02 +0000] "GET / HTTP/1.1" 301 169 "-" "Mozilla/5.0 (X11; Linux x86_64) AppleWebKit/537.36 (KHTML, like Gecko) HeadlessChrome/125.0.6422.60 Safari/537.36"
205.169.39.26 - - [23/Apr/2025:19:57:23 +0000] "GET / HTTP/1.1" 301 169 "-" "Mozilla/5.0 (Windows NT 10.0) AppleWebKit/537.36 (KHTML, like Gecko) Chrome/106.0.0.0 Safari/537.36"
154.81.156.34 - - [23/Apr/2025:20:08:45 +0000] "GET / HTTP/1.1" 301 169 "-" "Hello World"
66.240.236.109 - - [23/Apr/2025:20:09:16 +0000] "GET / HTTP/1.1" 301 169 "-" "Mozilla/5.0 zgrab/0.x"
87.251.78.46 - - [23/Apr/2025:20:23:47 +0000] "GET / HTTP/1.1" 301 169 "-" "Mozilla/5.0 (X11; Linux x86_64; rv:83.0) Gecko/20100101 Firefox/83.0"
185.16.38.107 - - [23/Apr/2025:20:25:11 +0000] "GET / HTTP/1.1" 301 169 "-" "Mozilla/5.0 (Windows NT 10.0; Win64; x64) AppleWebKit/537.36 (KHTML, like Gecko) Chrome/90.0.4430.85 Safari/537.36 Edg/90.0.818.46"
178.211.139.123 - - [23/Apr/2025:20:29:39 +0000] "GET / HTTP/1.1" 301 169 "-" "Mozilla/5.0 (Windows NT 10.0; Win64; x64) AppleWebKit/537.36 (KHTML, like Gecko) Chrome/90.0.4430.85 Safari/537.36 Edg/90.0.818.46"
154.81.156.34 - - [23/Apr/2025:20:32:04 +0000] "GET / HTTP/1.1" 301 169 "-" "Hello World"
